<html>
<body>
<pre>
<h1>µVision Build Log</h1>
<h2>Tool Versions:</h2>
IDE-Version: µVision V5.36.0.0
Copyright (C) 2021 ARM Ltd and ARM Germany GmbH. All rights reserved.
License Information: Gregory Huras, Conestoga College, LIC=8MZ72-T4AFR-TQJ5R-3C993-EABNQ-K7D06
 
Tool Versions:
Toolchain:       MDK-ARM Professional  Version: 5.36.0.0
Toolchain Path:  C:\Keil_v5\ARM\ARMCLANG\Bin
C Compiler:      ArmClang.exe V6.16
Assembler:       Armasm.exe V6.16
Linker/Locator:  ArmLink.exe V6.16
Library Manager: ArmAr.exe V6.16
Hex Converter:   FromElf.exe V6.16
CPU DLL:         SARMCM3.DLL V5.36.0.0
Dialog DLL:      DARMCM1.DLL V1.19.4.0
Target DLL:      UL2CM3.DLL V1.164.0.0
Dialog DLL:      TARMCM1.DLL V1.14.4.0
 
<h2>Project:</h2>
C:\Users\Gregory\AT472-BU-98000-r0p1-00rel0\software\m1_for_arty_s7\Build_Keil\m1_for_arty_s7.uvprojx
Project File Date:  03/29/2022

<h2>Output:</h2>
*** Using Compiler 'V6.16', folder: 'C:\Keil_v5\ARM\ARMCLANG\Bin'
Rebuild target 'm1_for_arty_s7'
compiling xil_assert.c...
compiling outbyte.c...
assembling startup_ARTY_CM1.s...
compiling main.c...
compiling system_ARTY_CM1.c...
compiling xgpio.c...
compiling uart.c...
compiling print.c...
compiling xgpio_extra.c...
compiling xil_printf.c...
compiling gpio.c...
compiling spi.c...
compiling xgpio_g.c...
compiling xgpio_intr.c...
compiling xgpio_selftest.c...
compiling xgpio_sinit.c...
compiling xspi_g.c...
compiling xspi_options.c...
compiling xspi_selftest.c...
compiling xspi_sinit.c...
compiling xspi.c...
compiling xspi_stats.c...
compiling xuartlite_g.c...
compiling xuartlite.c...
compiling xuartlite_intr.c...
compiling xuartlite_l.c...
compiling xuartlite_selftest.c...
compiling xuartlite_sinit.c...
compiling xuartlite_stats.c...
linking...
Program Size: Code=8862 RO-data=1350 RW-data=184 ZI-data=5200  
FromELF: creating hex file...
After Build - User command #1: make_hex_s7.bat
C:\Users\Gregory\AT472-BU-98000-r0p1-00rel0\software\m1_for_arty_s7\Build_Keil>call fromelf --vhx --32x1 --output bram_s7.hex objects\m1_for_arty_s7.axf 
C:\Users\Gregory\AT472-BU-98000-r0p1-00rel0\software\m1_for_arty_s7\Build_Keil>call fromelf --elf        --output bram_s7.elf objects\m1_for_arty_s7.axf 
C:\Users\Gregory\AT472-BU-98000-r0p1-00rel0\software\m1_for_arty_s7\Build_Keil>call fromelf --vhx --8x1  --output qspi_s7.hex objects\m1_for_arty_s7.axf 
C:\Users\Gregory\AT472-BU-98000-r0p1-00rel0\software\m1_for_arty_s7\Build_Keil>call fromelf --bin        --output qspi_s7.bin objects\m1_for_arty_s7.axf 
C:\Users\Gregory\AT472-BU-98000-r0p1-00rel0\software\m1_for_arty_s7\Build_Keil>copy bram_s7.* ..\..\..\hardware\m1_for_arty_s7\m1_for_arty_s7 
bram_s7.elf
bram_s7.hex
        2 file(s) copied.
C:\Users\Gregory\AT472-BU-98000-r0p1-00rel0\software\m1_for_arty_s7\Build_Keil>copy qspi_s7.hex ..\..\..\hardware\m1_for_arty_s7\testbench 
        1 file(s) copied.
".\objects\m1_for_arty_s7.axf" - 0 Error(s), 0 Warning(s).

<h2>Software Packages used:</h2>

Package Vendor: ARM
                http://www.keil.com/pack/ARM.CMSIS.5.8.0.pack
                ARM.CMSIS.5.8.0
                CMSIS (Common Microcontroller Software Interface Standard)
   * Component: CORE Version: 5.5.0

<h2>Collection of Component include folders:</h2>
  .\RTE\_m1_for_arty_s7
  C:\Users\Gregory\AppData\Local\Arm\Packs\ARM\CMSIS\5.8.0\CMSIS\Core\Include
  C:\Users\Gregory\AppData\Local\Arm\Packs\ARM\CMSIS\5.8.0\Device\ARM\ARMCM0\Include

<h2>Collection of Component Files used:</h2>

   * Component: ARM::CMSIS:CORE:5.5.0
Build Time Elapsed:  00:00:02
</pre>
</body>
</html>
