Component: ARM Compiler 6.16 Tool: armlink [5dfeaa00]

==============================================================================

Section Cross References

    startup_arty_cm1.o(STACK) refers (Special) to heapauxi.o(.text) for __use_two_region_memory
    startup_arty_cm1.o(HEAP) refers (Special) to heapauxi.o(.text) for __use_two_region_memory
    startup_arty_cm1.o(RESET) refers (Special) to heapauxi.o(.text) for __use_two_region_memory
    startup_arty_cm1.o(RESET) refers to startup_arty_cm1.o(STACK) for __initial_sp
    startup_arty_cm1.o(RESET) refers to startup_arty_cm1.o(.text) for Reset_Handler
    startup_arty_cm1.o(RESET) refers to uart.o(.text) for UART0_Handler
    startup_arty_cm1.o(RESET) refers to gpio.o(.text) for GPIO0_Handler
    startup_arty_cm1.o(RESET) refers to spi.o(.text) for QSPI0_Handler
    startup_arty_cm1.o(RESET) refers to main.o(.text) for DAPLinkFittedn
    startup_arty_cm1.o(.text) refers (Special) to heapauxi.o(.text) for __use_two_region_memory
    startup_arty_cm1.o(.text) refers to system_arty_cm1.o(.text) for SystemInit
    startup_arty_cm1.o(.text) refers to __main.o(!!!main) for __main
    startup_arty_cm1.o(.text) refers to startup_arty_cm1.o(HEAP) for Heap_Mem
    startup_arty_cm1.o(.text) refers to startup_arty_cm1.o(STACK) for Stack_Mem
    system_arty_cm1.o(.text) refers to system_arty_cm1.o(.data.SystemCoreClock) for SystemCoreClock
    system_arty_cm1.o(.ARM.exidx) refers to system_arty_cm1.o(.text) for [Anonymous Symbol]
    outbyte.o(.text) refers to xuartlite_l.o(.text) for XUartLite_SendByte
    outbyte.o(.ARM.exidx) refers to outbyte.o(.text) for [Anonymous Symbol]
    print.o(.text) refers to outbyte.o(.text) for outbyte
    print.o(.ARM.exidx) refers to print.o(.text) for [Anonymous Symbol]
    xil_assert.o(.text) refers to xil_assert.o(.bss.Xil_AssertCallbackRoutine) for [Anonymous Symbol]
    xil_assert.o(.text) refers to xil_assert.o(.data.Xil_AssertWait) for Xil_AssertWait
    xil_assert.o(.ARM.exidx) refers to xil_assert.o(.text) for [Anonymous Symbol]
    xil_printf.o(.text) refers to outbyte.o(.text) for outbyte
    xil_printf.o(.text) refers to rt_ctype_table.o(.text) for __rt_ctype_table
    xil_printf.o(.text) refers to tolower.o(.text) for tolower
    xil_printf.o(.text) refers to aeabi_sdivfast.o(.text_divfast) for __aeabi_uidiv
    xil_printf.o(.text) refers to strlen.o(.text) for strlen
    xil_printf.o(.ARM.exidx) refers to xil_printf.o(.text) for [Anonymous Symbol]
    main.o(.text) refers (Special) to _printf_i.o(.ARM.Collect$$_printf_percent$$00000008) for _printf_i
    main.o(.text) refers (Special) to _printf_dec.o(.text) for _printf_int_dec
    main.o(.text) refers (Special) to _printf_hex_int.o(.text) for _printf_longlong_hex
    main.o(.text) refers (Special) to _printf_percent.o(.ARM.Collect$$_printf_percent$$00000000) for _printf_percent
    main.o(.text) refers (Special) to _printf_s.o(.ARM.Collect$$_printf_percent$$00000014) for _printf_s
    main.o(.text) refers (Special) to _printf_str.o(.text) for _printf_str
    main.o(.text) refers (Special) to _printf_x.o(.ARM.Collect$$_printf_percent$$0000000C) for _printf_x
    main.o(.text) refers to uart.o(.text) for InitialiseUART
    main.o(.text) refers to gpio.o(.text) for InitialiseGPIO
    main.o(.text) refers to print.o(.text) for print
    main.o(.text) refers to spi.o(.text) for InitialiseSPI
    main.o(.text) refers to noretval__2sprintf.o(.text) for __2sprintf
    main.o(.text) refers to main.o(.rodata.str1.1) for [Anonymous Symbol]
    main.o(.text) refers to main.o(.rodata.cst32) for [Anonymous Symbol]
    main.o(.ARM.exidx) refers (Special) to _printf_i.o(.ARM.Collect$$_printf_percent$$00000008) for _printf_i
    main.o(.ARM.exidx) refers (Special) to _printf_dec.o(.text) for _printf_int_dec
    main.o(.ARM.exidx) refers (Special) to _printf_hex_int.o(.text) for _printf_longlong_hex
    main.o(.ARM.exidx) refers (Special) to _printf_percent.o(.ARM.Collect$$_printf_percent$$00000000) for _printf_percent
    main.o(.ARM.exidx) refers (Special) to _printf_s.o(.ARM.Collect$$_printf_percent$$00000014) for _printf_s
    main.o(.ARM.exidx) refers (Special) to _printf_str.o(.text) for _printf_str
    main.o(.ARM.exidx) refers (Special) to _printf_x.o(.ARM.Collect$$_printf_percent$$0000000C) for _printf_x
    main.o(.ARM.exidx) refers to main.o(.text) for [Anonymous Symbol]
    main.o(.rodata.cst32) refers (Special) to _printf_i.o(.ARM.Collect$$_printf_percent$$00000008) for _printf_i
    main.o(.rodata.cst32) refers (Special) to _printf_dec.o(.text) for _printf_int_dec
    main.o(.rodata.cst32) refers (Special) to _printf_hex_int.o(.text) for _printf_longlong_hex
    main.o(.rodata.cst32) refers (Special) to _printf_percent.o(.ARM.Collect$$_printf_percent$$00000000) for _printf_percent
    main.o(.rodata.cst32) refers (Special) to _printf_s.o(.ARM.Collect$$_printf_percent$$00000014) for _printf_s
[...]


==============================================================================

Removing Unused input sections from the image.

    Removing system_arty_cm1.o(.ARM.exidx), (16 bytes).
    Removing outbyte.o(.ARM.exidx), (8 bytes).
    Removing print.o(.ARM.exidx), (8 bytes).
    Removing xil_assert.o(.ARM.exidx), (24 bytes).
    Removing xil_printf.o(.text), (948 bytes).
    Removing xil_printf.o(.ARM.exidx), (40 bytes).
    Removing main.o(.ARM.exidx), (56 bytes).
    Removing main.o(.rodata.str1.4), (22 bytes).
    Removing main.o(.ARM.use_no_argv), (4 bytes).
    Removing gpio.o(.ARM.exidx), (56 bytes).
    Removing spi.o(.ARM.exidx), (104 bytes).
    Removing uart.o(.ARM.exidx), (56 bytes).
    Removing uart.o(.bss.UARTSendBuffer), (256 bytes).
    Removing xgpio.o(.ARM.exidx), (56 bytes).
    Removing xgpio_extra.o(.text), (240 bytes).
    Removing xgpio_extra.o(.ARM.exidx), (32 bytes).
    Removing xgpio_extra.o(.rodata.str1.1), (81 bytes).
    Removing xgpio_g.o(.text), (0 bytes).
    Removing xgpio_intr.o(.ARM.exidx), (72 bytes).
    Removing xgpio_selftest.o(.text), (80 bytes).
    Removing xgpio_selftest.o(.ARM.exidx), (8 bytes).
    Removing xgpio_selftest.o(.rodata.str1.1), (84 bytes).
    Removing xgpio_sinit.o(.ARM.exidx), (16 bytes).
    Removing xspi.o(.ARM.exidx), (104 bytes).
    Removing xspi_g.o(.text), (0 bytes).
    Removing xspi_options.o(.text), (264 bytes).
    Removing xspi_options.o(.ARM.exidx), (32 bytes).
    Removing xspi_options.o(.rodata.str1.1), (81 bytes).
    Removing xspi_options.o(.rodata.OptionsTable), (40 bytes).
    Removing xspi_selftest.o(.text), (596 bytes).
    Removing xspi_selftest.o(.ARM.exidx), (32 bytes).
    Removing xspi_selftest.o(.rodata.str1.1), (82 bytes).
    Removing xspi_sinit.o(.ARM.exidx), (16 bytes).
    Removing xspi_stats.o(.text), (184 bytes).
    Removing xspi_stats.o(.ARM.exidx), (16 bytes).
    Removing xspi_stats.o(.rodata.str1.1), (79 bytes).
    Removing xuartlite.o(.ARM.exidx), (80 bytes).
    Removing xuartlite_g.o(.text), (0 bytes).
    Removing xuartlite_intr.o(.ARM.exidx), (72 bytes).
    Removing xuartlite_l.o(.ARM.exidx), (32 bytes).
    Removing xuartlite_selftest.o(.text), (84 bytes).
    Removing xuartlite_selftest.o(.ARM.exidx), (16 bytes).
    Removing xuartlite_selftest.o(.rodata.str1.1), (92 bytes).
    Removing xuartlite_sinit.o(.ARM.exidx), (16 bytes).
    Removing xuartlite_stats.o(.ARM.exidx), (16 bytes).

45 unused section(s) (total 4201 bytes) removed from the image.

==============================================================================

Image Symbol Table

    Local Symbols

    Symbol Name                              Value     Ov Type        Size  Object(Section)

    ../clib/angel/boardlib.s                 0x00000000   Number         0  boardinit1.o ABSOLUTE
    ../clib/angel/boardlib.s                 0x00000000   Number         0  boardinit2.o ABSOLUTE
    ../clib/angel/boardlib.s                 0x00000000   Number         0  boardinit3.o ABSOLUTE
    ../clib/angel/boardlib.s                 0x00000000   Number         0  boardshut.o ABSOLUTE
    ../clib/angel/handlers.s                 0x00000000   Number         0  __scatter_copy.o ABSOLUTE
    ../clib/angel/handlers.s                 0x00000000   Number         0  __scatter_zi.o ABSOLUTE
    ../clib/angel/kernel.s                   0x00000000   Number         0  __rtentry.o ABSOLUTE
    ../clib/angel/kernel.s                   0x00000000   Number         0  __rtentry2.o ABSOLUTE
    ../clib/angel/kernel.s                   0x00000000   Number         0  __rtentry4.o ABSOLUTE
    ../clib/angel/kernel.s                   0x00000000   Number         0  rtexit.o ABSOLUTE
    ../clib/angel/kernel.s                   0x00000000   Number         0  rtexit2.o ABSOLUTE
    ../clib/angel/rt.s                       0x00000000   Number         0  rt_ctype_table.o ABSOLUTE
    ../clib/angel/rt.s                       0x00000000   Number         0  aeabi_idiv0.o ABSOLUTE
    ../clib/angel/rt.s                       0x00000000   Number         0  aeabi_idiv0_sigfpe.o ABSOLUTE
    ../clib/angel/rt.s                       0x00000000   Number         0  rt_locale.o ABSOLUTE
    ../clib/angel/rt.s                       0x00000000   Number         0  rt_locale_intlibspace.o ABSOLUTE
    ../clib/angel/rt.s                       0x00000000   Number         0  rt_div0.o ABSOLUTE
    ../clib/angel/rt.s                       0x00000000   Number         0  rt_raise.o ABSOLUTE
    ../clib/angel/scatterp.s                 0x00000000   Number         0  __scatter.o ABSOLUTE
    ../clib/angel/startup.s                  0x00000000   Number         0  __main.o ABSOLUTE
    ../clib/angel/sys.s                      0x00000000   Number         0  libspace.o ABSOLUTE
    ../clib/angel/sys.s                      0x00000000   Number         0  sys_stackheap_outer.o ABSOLUTE
    ../clib/angel/sys.s                      0x00000000   Number         0  tempstk.o ABSOLUTE
    ../clib/angel/sys.s                      0x00000000   Number         0  use_no_semi.o ABSOLUTE
    ../clib/angel/sys.s                      0x00000000   Number         0  indicate_semi.o ABSOLUTE
    ../clib/angel/sysapp.c                   0x00000000   Number         0  sys_command.o ABSOLUTE
    ../clib/angel/sysapp.c                   0x00000000   Number         0  sys_exit.o ABSOLUTE
    ../clib/angel/sysapp.c                   0x00000000   Number         0  sys_command_hlt.o ABSOLUTE
    ../clib/angel/sysapp.c                   0x00000000   Number         0  sys_exit_hlt.o ABSOLUTE
    ../clib/angel/sysapp.c                   0x00000000   Number         0  sys_wrch.o ABSOLUTE
    ../clib/angel/sysapp.c                   0x00000000   Number         0  sys_wrch_hlt.o ABSOLUTE
    ../clib/armsys.c                         0x00000000   Number         0  argv_veneer.o ABSOLUTE
    ../clib/armsys.c                         0x00000000   Number         0  _get_argv_nomalloc.o ABSOLUTE
    ../clib/armsys.c                         0x00000000   Number         0  no_argv.o ABSOLUTE
    ../clib/ctype.c                          0x00000000   Number         0  tolower.o ABSOLUTE
    ../clib/division.c                       0x00000000   Number         0  rtudiv10.o ABSOLUTE
    ../clib/division.s                       0x00000000   Number         0  aeabi_sdivfast.o ABSOLUTE
    ../clib/division.s                       0x00000000   Number         0  aeabi_sdivfast_div0.o ABSOLUTE
    ../clib/heapalloc.c                      0x00000000   Number         0  hrguard.o ABSOLUTE
    ../clib/heapaux.c                        0x00000000   Number         0  heapauxi.o ABSOLUTE
    ../clib/libinit.s                        0x00000000   Number         0  libinit2.o ABSOLUTE
    ../clib/libinit.s                        0x00000000   Number         0  libinit.o ABSOLUTE
    ../clib/libinit.s                        0x00000000   Number         0  libshutdown.o ABSOLUTE
    ../clib/libinit.s                        0x00000000   Number         0  libshutdown2.o ABSOLUTE
    ../clib/locale.s                         0x00000000   Number         0  lc_ctype_c.o ABSOLUTE
    ../clib/memcpset.c                       0x00000000   Number         0  rt_memclr.o ABSOLUTE
    ../clib/memcpset.s                       0x00000000   Number         0  strcmpv6m.o ABSOLUTE
    ../clib/printf.c                         0x00000000   Number         0  __2sprintf.o ABSOLUTE
    ../clib/printf.c                         0x00000000   Number         0  noretval__2sprintf.o ABSOLUTE
    ../clib/printf.c                         0x00000000   Number         0  __printf.o ABSOLUTE
    ../clib/printf.c                         0x00000000   Number         0  _printf_str.o ABSOLUTE
    ../clib/printf.c                         0x00000000   Number         0  _printf_dec.o ABSOLUTE
    ../clib/printf.c                         0x00000000   Number         0  _printf_hex_ll.o ABSOLUTE
    ../clib/printf.c                         0x00000000   Number         0  _printf_hex_int.o ABSOLUTE
    ../clib/printf.c                         0x00000000   Number         0  _printf_hex_int_ll.o ABSOLUTE
    ../clib/printf.c                         0x00000000   Number         0  _printf_hex_ptr.o ABSOLUTE
    ../clib/printf.c                         0x00000000   Number         0  _printf_hex_int_ptr.o ABSOLUTE
    ../clib/printf.c                         0x00000000   Number         0  _printf_hex_ll_ptr.o ABSOLUTE
    ../clib/printf.c                         0x00000000   Number         0  _printf_hex_int_ll_ptr.o ABSOLUTE
    ../clib/printf.c                         0x00000000   Number         0  __printf_flags.o ABSOLUTE
    ../clib/printf.c                         0x00000000   Number         0  __printf_ss.o ABSOLUTE
    ../clib/printf.c                         0x00000000   Number         0  __printf_flags_ss.o ABSOLUTE
    ../clib/printf.c                         0x00000000   Number         0  __printf_wp.o ABSOLUTE
    ../clib/printf.c                         0x00000000   Number         0  __printf_flags_wp.o ABSOLUTE
    ../clib/printf.c                         0x00000000   Number         0  __printf_ss_wp.o ABSOLUTE
    ../clib/printf.c                         0x00000000   Number         0  __printf_flags_ss_wp.o ABSOLUTE
    ../clib/printf.c                         0x00000000   Number         0  _printf_intcommon.o ABSOLUTE
    ../clib/printf.c                         0x00000000   Number         0  _printf_char_common.o ABSOLUTE
    ../clib/printf.c                         0x00000000   Number         0  _sputc.o ABSOLUTE
    ../clib/printf.c                         0x00000000   Number         0  _printf_char.o ABSOLUTE
    ../clib/printf.c                         0x00000000   Number         0  __printf_nopercent.o ABSOLUTE
    ../clib/printf_percent.s                 0x00000000   Number         0  _printf_s.o ABSOLUTE
    ../clib/printf_percent.s                 0x00000000   Number         0  _printf_x.o ABSOLUTE
    ../clib/printf_percent.s                 0x00000000   Number         0  _printf_i.o ABSOLUTE
    ../clib/printf_percent.s                 0x00000000   Number         0  _printf_percent.o ABSOLUTE
    ../clib/printf_percent.s                 0x00000000   Number         0  _printf_percent_end.o ABSOLUTE
    ../clib/signal.c                         0x00000000   Number         0  defsig_fpe_outer.o ABSOLUTE
    ../clib/signal.c                         0x00000000   Number         0  defsig_fpe_formal.o ABSOLUTE
    ../clib/signal.c                         0x00000000   Number         0  defsig_exit.o ABSOLUTE
    ../clib/signal.c                         0x00000000   Number         0  defsig_fpe_inner.o ABSOLUTE
    ../clib/signal.c                         0x00000000   Number         0  __raise.o ABSOLUTE
    ../clib/signal.c                         0x00000000   Number         0  defsig_general.o ABSOLUTE
    ../clib/signal.c                         0x00000000   Number         0  defsig_rtmem_outer.o ABSOLUTE
    ../clib/signal.c                         0x00000000   Number         0  defsig_rtmem_formal.o ABSOLUTE
    ../clib/signal.c                         0x00000000   Number         0  defsig_rtmem_inner.o ABSOLUTE
    ../clib/signal.c                         0x00000000   Number         0  defsig_abrt_inner.o ABSOLUTE
    ../clib/signal.c                         0x00000000   Number         0  defsig_rtred_inner.o ABSOLUTE
    ../clib/signal.c                         0x00000000   Number         0  defsig_stak_inner.o ABSOLUTE
    ../clib/signal.c                         0x00000000   Number         0  defsig_pvfn_inner.o ABSOLUTE
    ../clib/signal.c                         0x00000000   Number         0  defsig_cppl_inner.o ABSOLUTE
    ../clib/signal.c                         0x00000000   Number         0  defsig_segv_inner.o ABSOLUTE
    ../clib/signal.c                         0x00000000   Number         0  defsig_other.o ABSOLUTE
    ../clib/signal.s                         0x00000000   Number         0  defsig.o ABSOLUTE
    ../clib/stdlib.c                         0x00000000   Number         0  exit.o ABSOLUTE
    ../clib/string.c                         0x00000000   Number         0  strlen.o ABSOLUTE
    ../fplib/cfplib/fpinit.c                 0x00000000   Number         0  fpinit.o ABSOLUTE
    ..\cmsis\Device\Source\ARTY_CM1\startup_ARTY_CM1.s 0x00000000   Number         0  startup_arty_cm1.o ABSOLUTE
    dc.s                                     0x00000000   Number         0  dc.o ABSOLUTE
    gpio.c                                   0x00000000   Number         0  gpio.o ABSOLUTE
    main.c                                   0x00000000   Number         0  main.o ABSOLUTE
    outbyte.c                                0x00000000   Number         0  outbyte.o ABSOLUTE
    print.c                                  0x00000000   Number         0  print.o ABSOLUTE
    spi.c                                    0x00000000   Number         0  spi.o ABSOLUTE
    system_ARTY_CM1.c                        0x00000000   Number         0  system_arty_cm1.o ABSOLUTE
    uart.c                                   0x00000000   Number         0  uart.o ABSOLUTE
    xgpio.c                                  0x00000000   Number         0  xgpio.o ABSOLUTE
    xgpio_extra.c                            0x00000000   Number         0  xgpio_extra.o ABSOLUTE
    xgpio_g.c                                0x00000000   Number         0  xgpio_g.o ABSOLUTE
    xgpio_intr.c                             0x00000000   Number         0  xgpio_intr.o ABSOLUTE
    xgpio_selftest.c                         0x00000000   Number         0  xgpio_selftest.o ABSOLUTE
    xgpio_sinit.c                            0x00000000   Number         0  xgpio_sinit.o ABSOLUTE
    xil_assert.c                             0x00000000   Number         0  xil_assert.o ABSOLUTE
    xil_printf.c                             0x00000000   Number         0  xil_printf.o ABSOLUTE
    xspi.c                                   0x00000000   Number         0  xspi.o ABSOLUTE
    xspi_g.c                                 0x00000000   Number         0  xspi_g.o ABSOLUTE
    xspi_options.c                           0x00000000   Number         0  xspi_options.o ABSOLUTE
    xspi_selftest.c                          0x00000000   Number         0  xspi_selftest.o ABSOLUTE
    xspi_sinit.c                             0x00000000   Number         0  xspi_sinit.o ABSOLUTE
    xspi_stats.c                             0x00000000   Number         0  xspi_stats.o ABSOLUTE
    xuartlite.c                              0x00000000   Number         0  xuartlite.o ABSOLUTE
    xuartlite_g.c                            0x00000000   Number         0  xuartlite_g.o ABSOLUTE
    xuartlite_intr.c                         0x00000000   Number         0  xuartlite_intr.o ABSOLUTE
    xuartlite_l.c                            0x00000000   Number         0  xuartlite_l.o ABSOLUTE
    xuartlite_selftest.c                     0x00000000   Number         0  xuartlite_selftest.o ABSOLUTE
    xuartlite_sinit.c                        0x00000000   Number         0  xuartlite_sinit.o ABSOLUTE
    xuartlite_stats.c                        0x00000000   Number         0  xuartlite_stats.o ABSOLUTE
    RESET                                    0x00000000   Section      192  startup_arty_cm1.o(RESET)
    !!!main                                  0x000000c0   Section        8  __main.o(!!!main)
    !!!scatter                               0x000000c8   Section       60  __scatter.o(!!!scatter)
    !!handler_copy                           0x00000104   Section       26  __scatter_copy.o(!!handler_copy)
    !!handler_zi                             0x00000120   Section       28  __scatter_zi.o(!!handler_zi)
    .ARM.Collect$$_printf_percent$$00000000  0x0000013c   Section        2  _printf_percent.o(.ARM.Collect$$_printf_percent$$00000000)
    .ARM.Collect$$_printf_percent$$00000008  0x0000013e   Section       10  _printf_i.o(.ARM.Collect$$_printf_percent$$00000008)
    .ARM.Collect$$_printf_percent$$0000000C  0x00000148   Section       10  _printf_x.o(.ARM.Collect$$_printf_percent$$0000000C)
    .ARM.Collect$$_printf_percent$$00000014  0x00000152   Section       10  _printf_s.o(.ARM.Collect$$_printf_percent$$00000014)
    .ARM.Collect$$_printf_percent$$00000017  0x0000015c   Section        4  _printf_percent_end.o(.ARM.Collect$$_printf_percent$$00000017)
    .ARM.Collect$$libinit$$00000000          0x00000160   Section        2  libinit.o(.ARM.Collect$$libinit$$00000000)
    .ARM.Collect$$libinit$$00000002          0x00000162   Section        0  libinit2.o(.ARM.Collect$$libinit$$00000002)
    .ARM.Collect$$libinit$$00000004          0x00000162   Section        0  libinit2.o(.ARM.Collect$$libinit$$00000004)
    .ARM.Collect$$libinit$$0000000A          0x00000162   Section        0  libinit2.o(.ARM.Collect$$libinit$$0000000A)
    .ARM.Collect$$libinit$$0000000C          0x00000162   Section        0  libinit2.o(.ARM.Collect$$libinit$$0000000C)
    .ARM.Collect$$libinit$$0000000E          0x00000162   Section        0  libinit2.o(.ARM.Collect$$libinit$$0000000E)
    .ARM.Collect$$libinit$$00000011          0x00000162   Section        0  libinit2.o(.ARM.Collect$$libinit$$00000011)
    .ARM.Collect$$libinit$$00000013          0x00000162   Section        0  libinit2.o(.ARM.Collect$$libinit$$00000013)
    .ARM.Collect$$libinit$$00000015          0x00000162   Section        0  libinit2.o(.ARM.Collect$$libinit$$00000015)
    .ARM.Collect$$libinit$$00000017          0x00000162   Section        0  libinit2.o(.ARM.Collect$$libinit$$00000017)
    .ARM.Collect$$libinit$$00000019          0x00000162   Section        0  libinit2.o(.ARM.Collect$$libinit$$00000019)
    .ARM.Collect$$libinit$$0000001B          0x00000162   Section        0  libinit2.o(.ARM.Collect$$libinit$$0000001B)
    .ARM.Collect$$libinit$$0000001D          0x00000162   Section        0  libinit2.o(.ARM.Collect$$libinit$$0000001D)
    .ARM.Collect$$libinit$$0000001F          0x00000162   Section        0  libinit2.o(.ARM.Collect$$libinit$$0000001F)
    .ARM.Collect$$libinit$$00000021          0x00000162   Section        0  libinit2.o(.ARM.Collect$$libinit$$00000021)
    .ARM.Collect$$libinit$$00000023          0x00000162   Section        0  libinit2.o(.ARM.Collect$$libinit$$00000023)
    .ARM.Collect$$libinit$$00000025          0x00000162   Section        0  libinit2.o(.ARM.Collect$$libinit$$00000025)
    .ARM.Collect$$libinit$$0000002C          0x00000162   Section        0  libinit2.o(.ARM.Collect$$libinit$$0000002C)
    .ARM.Collect$$libinit$$0000002E          0x00000162   Section        0  libinit2.o(.ARM.Collect$$libinit$$0000002E)
    .ARM.Collect$$libinit$$00000030          0x00000162   Section        0  libinit2.o(.ARM.Collect$$libinit$$00000030)
    .ARM.Collect$$libinit$$00000032          0x00000162   Section        0  libinit2.o(.ARM.Collect$$libinit$$00000032)
    .ARM.Collect$$libinit$$00000033          0x00000162   Section        2  libinit2.o(.ARM.Collect$$libinit$$00000033)
    .ARM.Collect$$libshutdown$$00000000      0x00000164   Section        2  libshutdown.o(.ARM.Collect$$libshutdown$$00000000)
    .ARM.Collect$$libshutdown$$00000002      0x00000166   Section        0  libshutdown2.o(.ARM.Collect$$libshutdown$$00000002)
    .ARM.Collect$$libshutdown$$00000004      0x00000166   Section        0  libshutdown2.o(.ARM.Collect$$libshutdown$$00000004)
    .ARM.Collect$$libshutdown$$00000007      0x00000166   Section        0  libshutdown2.o(.ARM.Collect$$libshutdown$$00000007)
    .ARM.Collect$$libshutdown$$0000000A      0x00000166   Section        0  libshutdown2.o(.ARM.Collect$$libshutdown$$0000000A)
    .ARM.Collect$$libshutdown$$0000000C      0x00000166   Section        0  libshutdown2.o(.ARM.Collect$$libshutdown$$0000000C)
    .ARM.Collect$$libshutdown$$0000000F      0x00000166   Section        0  libshutdown2.o(.ARM.Collect$$libshutdown$$0000000F)
    .ARM.Collect$$libshutdown$$00000010      0x00000166   Section        2  libshutdown2.o(.ARM.Collect$$libshutdown$$00000010)
    .ARM.Collect$$rtentry$$00000000          0x00000168   Section        0  __rtentry.o(.ARM.Collect$$rtentry$$00000000)
    .ARM.Collect$$rtentry$$00000002          0x00000168   Section        0  __rtentry2.o(.ARM.Collect$$rtentry$$00000002)
    .ARM.Collect$$rtentry$$00000004          0x00000168   Section        6  __rtentry4.o(.ARM.Collect$$rtentry$$00000004)
    .ARM.Collect$$rtentry$$00000009          0x0000016e   Section        0  __rtentry2.o(.ARM.Collect$$rtentry$$00000009)
    .ARM.Collect$$rtentry$$0000000A          0x0000016e   Section        4  __rtentry2.o(.ARM.Collect$$rtentry$$0000000A)
    .ARM.Collect$$rtentry$$0000000C          0x00000172   Section        0  __rtentry2.o(.ARM.Collect$$rtentry$$0000000C)
    .ARM.Collect$$rtentry$$0000000D          0x00000172   Section        8  __rtentry2.o(.ARM.Collect$$rtentry$$0000000D)
    .ARM.Collect$$rtexit$$00000000           0x0000017a   Section        2  rtexit.o(.ARM.Collect$$rtexit$$00000000)
    .ARM.Collect$$rtexit$$00000002           0x0000017c   Section        0  rtexit2.o(.ARM.Collect$$rtexit$$00000002)
    .ARM.Collect$$rtexit$$00000003           0x0000017c   Section        4  rtexit2.o(.ARM.Collect$$rtexit$$00000003)
    .ARM.Collect$$rtexit$$00000004           0x00000180   Section        6  rtexit2.o(.ARM.Collect$$rtexit$$00000004)
    .text                                    0x00000188   Section       56  startup_arty_cm1.o(.text)
    [Anonymous Symbol]                       0x000001c0   Section        0  system_arty_cm1.o(.text)
    __arm_cp.0_0                             0x000001c8   Number         4  system_arty_cm1.o(.text)
    __arm_cp.0_1                             0x000001cc   Number         4  system_arty_cm1.o(.text)
    __arm_cp.1_0                             0x000001d8   Number         4  system_arty_cm1.o(.text)
    __arm_cp.1_1                             0x000001dc   Number         4  system_arty_cm1.o(.text)
    [Anonymous Symbol]                       0x000001e0   Section        0  outbyte.o(.text)
    __arm_cp.0_0                             0x000001ec   Number         4  outbyte.o(.text)
    [Anonymous Symbol]                       0x000001f0   Section        0  print.o(.text)
    [Anonymous Symbol]                       0x0000020c   Section        0  xil_assert.o(.text)
    __arm_cp.0_0                             0x00000224   Number         4  xil_assert.o(.text)
    __arm_cp.0_1                             0x00000228   Number         4  xil_assert.o(.text)
    __arm_cp.1_0                             0x00000234   Number         4  xil_assert.o(.text)
    [Anonymous Symbol]                       0x0000023c   Section        0  main.o(.text)
    __arm_cp.0_0                             0x000003a0   Number         4  main.o(.text)
    __arm_cp.0_1                             0x000003a4   Number         4  main.o(.text)
    __arm_cp.0_4                             0x0000040c   Number         4  main.o(.text)
    __arm_cp.0_5                             0x00000410   Number         4  main.o(.text)
    __arm_cp.0_6                             0x00000414   Number         4  main.o(.text)
    __arm_cp.0_7                             0x00000418   Number         4  main.o(.text)
    __arm_cp.0_8                             0x0000041c   Number         4  main.o(.text)
    __arm_cp.0_10                            0x0000042c   Number         4  main.o(.text)
    __arm_cp.0_11                            0x00000430   Number         4  main.o(.text)
    __arm_cp.0_13                            0x00000440   Number         4  main.o(.text)
    __arm_cp.0_14                            0x00000444   Number         4  main.o(.text)
    __arm_cp.0_15                            0x00000448   Number         4  main.o(.text)
    __arm_cp.0_17                            0x0000045c   Number         4  main.o(.text)
    __arm_cp.0_18                            0x00000460   Number         4  main.o(.text)
    __arm_cp.0_19                            0x00000464   Number         4  main.o(.text)
    __arm_cp.0_20                            0x00000468   Number         4  main.o(.text)
    __arm_cp.0_21                            0x0000046c   Number         4  main.o(.text)
    NVIC_ClearAllPendingIRQ                  0x00000471   Thumb Code    12  main.o(.text)
    __arm_cp.1_0                             0x0000047c   Number         4  main.o(.text)
    NVIC_EnableIRQ                           0x00000481   Thumb Code    16  main.o(.text)
    __arm_cp.2_0                             0x00000490   Number         4  main.o(.text)
    NVIC_DisableIRQ                          0x00000495   Thumb Code     8  main.o(.text)
    __arm_cp.3_0                             0x0000049c   Number         4  main.o(.text)
    NVIC_GetPendingIRQ                       0x000004a1   Thumb Code    12  main.o(.text)
    __arm_cp.4_0                             0x000004ac   Number         4  main.o(.text)
    NVIC_ClearPendingIRQ                     0x000004bd   Thumb Code     8  main.o(.text)
    [Anonymous Symbol]                       0x000004c4   Section        0  gpio.o(.text)
    __arm_cp.0_0                             0x0000054c   Number         4  gpio.o(.text)
    __arm_cp.0_1                             0x00000550   Number         4  gpio.o(.text)
    __arm_cp.0_2                             0x00000554   Number         4  gpio.o(.text)
    __arm_cp.0_3                             0x00000558   Number         4  gpio.o(.text)
    __arm_cp.1_0                             0x00000584   Number         4  gpio.o(.text)
    __arm_cp.1_1                             0x00000588   Number         4  gpio.o(.text)
    __arm_cp.2_0                             0x000005bc   Number         4  gpio.o(.text)
    NVIC_ClearPendingIRQ                     0x000005c1   Thumb Code    16  gpio.o(.text)
    __arm_cp.3_0                             0x000005d0   Number         4  gpio.o(.text)
    __arm_cp.4_0                             0x00000658   Number         4  gpio.o(.text)
    __arm_cp.5_0                             0x0000066c   Number         4  gpio.o(.text)
    __arm_cp.6_0                             0x00000690   Number         4  gpio.o(.text)
    [Anonymous Symbol]                       0x00000694   Section        0  spi.o(.text)
    __arm_cp.0_0                             0x000006cc   Number         4  spi.o(.text)
    Xil_Out32                                0x000006d1   Thumb Code     4  spi.o(.text)
    __arm_cp.2_0                             0x000006e4   Number         4  spi.o(.text)
    __arm_cp.3_0                             0x00000740   Number         4  spi.o(.text)
    __arm_cp.3_1                             0x00000744   Number         4  spi.o(.text)
    __arm_cp.3_2                             0x00000748   Number         4  spi.o(.text)
    __arm_cp.3_3                             0x0000074c   Number         4  spi.o(.text)
    Xil_In32                                 0x00000751   Thumb Code     4  spi.o(.text)
    __arm_cp.5_0                             0x000007c8   Number         4  spi.o(.text)
    __arm_cp.5_1                             0x000007cc   Number         4  spi.o(.text)
    __arm_cp.6_0                             0x00000840   Number         4  spi.o(.text)
    __arm_cp.6_1                             0x00000844   Number         4  spi.o(.text)
    __arm_cp.6_2                             0x00000848   Number         4  spi.o(.text)
    __arm_cp.7_0                             0x00000910   Number         4  spi.o(.text)
    NVIC_ClearPendingIRQ                     0x0000093d   Thumb Code    16  spi.o(.text)
    __arm_cp.9_0                             0x0000094c   Number         4  spi.o(.text)
    [Anonymous Symbol]                       0x00000970   Section        0  uart.o(.text)
    __arm_cp.0_0                             0x000009ac   Number         4  uart.o(.text)
    __arm_cp.0_1                             0x000009b0   Number         4  uart.o(.text)
    __arm_cp.0_2                             0x000009b4   Number         4  uart.o(.text)
    __arm_cp.0_3                             0x000009b8   Number         4  uart.o(.text)
    __arm_cp.1_0                             0x000009c4   Number         4  uart.o(.text)
    __arm_cp.2_0                             0x000009d0   Number         4  uart.o(.text)
    __arm_cp.3_0                             0x000009e8   Number         4  uart.o(.text)
    __arm_cp.3_1                             0x000009ec   Number         4  uart.o(.text)
    __arm_cp.4_0                             0x000009fc   Number         4  uart.o(.text)
    __arm_cp.5_0                             0x00000a10   Number         4  uart.o(.text)
    NVIC_ClearPendingIRQ                     0x00000a15   Thumb Code     8  uart.o(.text)
    __arm_cp.6_0                             0x00000a1c   Number         4  uart.o(.text)
    [Anonymous Symbol]                       0x00000a20   Section        0  xgpio.o(.text)
    __arm_cp.0_0                             0x00000a50   Number         4  xgpio.o(.text)
    __arm_cp.0_1                             0x00000a54   Number         4  xgpio.o(.text)
    __arm_cp.0_2                             0x00000a58   Number         4  xgpio.o(.text)
    __arm_cp.1_0                             0x00000ab8   Number         4  xgpio.o(.text)
    __arm_cp.1_1                             0x00000abc   Number         4  xgpio.o(.text)
    __arm_cp.1_2                             0x00000ac0   Number         4  xgpio.o(.text)
    Xil_Out32                                0x00000ac5   Thumb Code     4  xgpio.o(.text)
    __arm_cp.3_0                             0x00000b28   Number         4  xgpio.o(.text)
    __arm_cp.3_1                             0x00000b2c   Number         4  xgpio.o(.text)
    __arm_cp.3_2                             0x00000b30   Number         4  xgpio.o(.text)
    Xil_In32                                 0x00000b35   Thumb Code     4  xgpio.o(.text)
    __arm_cp.5_0                             0x00000b98   Number         4  xgpio.o(.text)
    __arm_cp.5_1                             0x00000b9c   Number         4  xgpio.o(.text)
    __arm_cp.5_2                             0x00000ba0   Number         4  xgpio.o(.text)
    __arm_cp.6_2                             0x00000c00   Number         4  xgpio.o(.text)
    [Anonymous Symbol]                       0x00000c04   Section        0  xgpio_intr.o(.text)
    __arm_cp.0_0                             0x00000c58   Number         4  xgpio_intr.o(.text)
    __arm_cp.0_1                             0x00000c5c   Number         4  xgpio_intr.o(.text)
    __arm_cp.0_2                             0x00000c60   Number         4  xgpio_intr.o(.text)
    Xil_Out32                                0x00000c65   Thumb Code     4  xgpio_intr.o(.text)
    __arm_cp.2_0                             0x00000cb8   Number         4  xgpio_intr.o(.text)
    __arm_cp.2_1                             0x00000cbc   Number         4  xgpio_intr.o(.text)
    __arm_cp.2_2                             0x00000cc0   Number         4  xgpio_intr.o(.text)
    __arm_cp.3_0                             0x00000d24   Number         4  xgpio_intr.o(.text)
    __arm_cp.3_1                             0x00000d28   Number         4  xgpio_intr.o(.text)
    __arm_cp.3_2                             0x00000d2c   Number         4  xgpio_intr.o(.text)
    Xil_In32                                 0x00000d31   Thumb Code     4  xgpio_intr.o(.text)
    __arm_cp.5_0                             0x00000d94   Number         4  xgpio_intr.o(.text)
    __arm_cp.5_1                             0x00000d98   Number         4  xgpio_intr.o(.text)
    __arm_cp.5_2                             0x00000d9c   Number         4  xgpio_intr.o(.text)
    __arm_cp.6_0                             0x00000e00   Number         4  xgpio_intr.o(.text)
    __arm_cp.6_1                             0x00000e04   Number         4  xgpio_intr.o(.text)
    __arm_cp.6_2                             0x00000e08   Number         4  xgpio_intr.o(.text)
    __arm_cp.7_0                             0x00000e6c   Number         4  xgpio_intr.o(.text)
    __arm_cp.7_1                             0x00000e70   Number         4  xgpio_intr.o(.text)
    __arm_cp.7_2                             0x00000e74   Number         4  xgpio_intr.o(.text)
    __arm_cp.8_1                             0x00000ed4   Number         4  xgpio_intr.o(.text)
    __arm_cp.8_2                             0x00000ed8   Number         4  xgpio_intr.o(.text)
    [Anonymous Symbol]                       0x00000edc   Section        0  xgpio_sinit.o(.text)
    __arm_cp.0_0                             0x00000ef4   Number         4  xgpio_sinit.o(.text)
    __arm_cp.1_0                             0x00000f34   Number         4  xgpio_sinit.o(.text)
    __arm_cp.1_1                             0x00000f38   Number         4  xgpio_sinit.o(.text)
    [Anonymous Symbol]                       0x00000f3c   Section        0  xspi.o(.text)
    __arm_cp.0_0                             0x0000105c   Number         4  xspi.o(.text)
    __arm_cp.0_1                             0x00001060   Number         4  xspi.o(.text)
    __arm_cp.0_2                             0x00001064   Number         4  xspi.o(.text)
    __arm_cp.0_3                             0x00001068   Number         4  xspi.o(.text)
    __arm_cp.0_4                             0x0000106c   Number         4  xspi.o(.text)
    StubStatusHandler                        0x00001071   Thumb Code    20  xspi.o(.text)
    __arm_cp.1_0                             0x00001084   Number         4  xspi.o(.text)
    __arm_cp.1_1                             0x00001088   Number         4  xspi.o(.text)
    __arm_cp.1_2                             0x0000108c   Number         4  xspi.o(.text)
    Xil_In32                                 0x00001091   Thumb Code     4  xspi.o(.text)
    Xil_Out32                                0x00001095   Thumb Code     4  xspi.o(.text)
    __arm_cp.4_0                             0x000010ec   Number         4  xspi.o(.text)
    __arm_cp.4_1                             0x000010f0   Number         4  xspi.o(.text)
    __arm_cp.4_2                             0x000010f4   Number         4  xspi.o(.text)
    __arm_cp.5_0                             0x00001184   Number         4  xspi.o(.text)
    __arm_cp.5_1                             0x00001188   Number         4  xspi.o(.text)
    __arm_cp.5_2                             0x0000118c   Number         4  xspi.o(.text)
    __arm_cp.5_3                             0x00001190   Number         4  xspi.o(.text)
    __arm_cp.5_4                             0x00001194   Number         4  xspi.o(.text)
    __arm_cp.6_0                             0x0000120c   Number         4  xspi.o(.text)
    __arm_cp.6_1                             0x00001210   Number         4  xspi.o(.text)
    __arm_cp.6_2                             0x00001214   Number         4  xspi.o(.text)
    __arm_cp.7_0                             0x00001254   Number         4  xspi.o(.text)
    __arm_cp.8_0                             0x00001514   Number         4  xspi.o(.text)
    __arm_cp.8_1                             0x00001518   Number         4  xspi.o(.text)
    __arm_cp.8_2                             0x0000151c   Number         4  xspi.o(.text)
    __arm_cp.8_3                             0x00001520   Number         4  xspi.o(.text)
    __arm_cp.8_4                             0x00001524   Number         4  xspi.o(.text)
    __arm_cp.8_5                             0x00001528   Number         4  xspi.o(.text)
    __arm_cp.8_6                             0x0000152c   Number         4  xspi.o(.text)
    __arm_cp.9_0                             0x000015ac   Number         4  xspi.o(.text)
    __arm_cp.9_1                             0x000015b0   Number         4  xspi.o(.text)
    __arm_cp.9_2                             0x000015b4   Number         4  xspi.o(.text)
    __arm_cp.9_3                             0x000015b8   Number         4  xspi.o(.text)
    __arm_cp.10_0                            0x00001600   Number         4  xspi.o(.text)
    __arm_cp.10_1                            0x00001604   Number         4  xspi.o(.text)
    __arm_cp.10_2                            0x00001608   Number         4  xspi.o(.text)
    __arm_cp.10_3                            0x0000160c   Number         4  xspi.o(.text)
    __arm_cp.11_0                            0x00001658   Number         4  xspi.o(.text)
    __arm_cp.11_1                            0x0000165c   Number         4  xspi.o(.text)
    __arm_cp.11_2                            0x00001660   Number         4  xspi.o(.text)
    __arm_cp.11_3                            0x00001664   Number         4  xspi.o(.text)
    __arm_cp.12_1                            0x000018a4   Number         4  xspi.o(.text)
    __arm_cp.12_2                            0x000018a8   Number         4  xspi.o(.text)
    [Anonymous Symbol]                       0x000018ac   Section        0  xspi_sinit.o(.text)
    __arm_cp.0_0                             0x000018c4   Number         4  xspi_sinit.o(.text)
    __arm_cp.1_1                             0x00001904   Number         4  xspi_sinit.o(.text)
    [Anonymous Symbol]                       0x00001908   Section        0  xuartlite.o(.text)
    __arm_cp.0_0                             0x00001954   Number         4  xuartlite.o(.text)
    __arm_cp.0_1                             0x00001958   Number         4  xuartlite.o(.text)
    __arm_cp.0_2                             0x0000195c   Number         4  xuartlite.o(.text)
    __arm_cp.0_3                             0x00001960   Number         4  xuartlite.o(.text)
    StubHandler                              0x00001965   Thumb Code    20  xuartlite.o(.text)
    __arm_cp.1_0                             0x00001978   Number         4  xuartlite.o(.text)
    __arm_cp.1_1                             0x0000197c   Number         4  xuartlite.o(.text)
    Xil_Out32                                0x00001981   Thumb Code     4  xuartlite.o(.text)
    __arm_cp.3_0                             0x00001a2c   Number         4  xuartlite.o(.text)
    __arm_cp.3_1                             0x00001a30   Number         4  xuartlite.o(.text)
    __arm_cp.3_2                             0x00001a34   Number         4  xuartlite.o(.text)
    Xil_In32                                 0x00001a39   Thumb Code     4  xuartlite.o(.text)
    __arm_cp.6_0                             0x00001b5c   Number         4  xuartlite.o(.text)
    __arm_cp.6_1                             0x00001b60   Number         4  xuartlite.o(.text)
    __arm_cp.6_2                             0x00001b64   Number         4  xuartlite.o(.text)
    __arm_cp.8_0                             0x00001c48   Number         4  xuartlite.o(.text)
    __arm_cp.8_1                             0x00001c4c   Number         4  xuartlite.o(.text)
    __arm_cp.8_2                             0x00001c50   Number         4  xuartlite.o(.text)
    __arm_cp.9_0                             0x00001c84   Number         4  xuartlite.o(.text)
    __arm_cp.9_1                             0x00001c88   Number         4  xuartlite.o(.text)
    [Anonymous Symbol]                       0x00001c8c   Section        0  xuartlite_intr.o(.text)
    __arm_cp.0_0                             0x00001cd4   Number         4  xuartlite_intr.o(.text)
    __arm_cp.0_1                             0x00001cd8   Number         4  xuartlite_intr.o(.text)
    __arm_cp.0_2                             0x00001cdc   Number         4  xuartlite_intr.o(.text)
    __arm_cp.1_0                             0x00001d28   Number         4  xuartlite_intr.o(.text)
    __arm_cp.1_1                             0x00001d2c   Number         4  xuartlite_intr.o(.text)
    __arm_cp.1_2                             0x00001d30   Number         4  xuartlite_intr.o(.text)
    __arm_cp.2_0                             0x00001d78   Number         4  xuartlite_intr.o(.text)
    __arm_cp.2_1                             0x00001d7c   Number         4  xuartlite_intr.o(.text)
    Xil_In32                                 0x00001d81   Thumb Code     4  xuartlite_intr.o(.text)
    ReceiveDataHandler                       0x00001d85   Thumb Code    38  xuartlite_intr.o(.text)
    SendDataHandler                          0x00001dab   Thumb Code    38  xuartlite_intr.o(.text)
    __arm_cp.6_0                             0x00001e14   Number         4  xuartlite_intr.o(.text)
    __arm_cp.6_1                             0x00001e18   Number         4  xuartlite_intr.o(.text)
    __arm_cp.6_2                             0x00001e1c   Number         4  xuartlite_intr.o(.text)
    Xil_Out32                                0x00001e21   Thumb Code     4  xuartlite_intr.o(.text)
    __arm_cp.8_2                             0x00001e6c   Number         4  xuartlite_intr.o(.text)
    [Anonymous Symbol]                       0x00001e70   Section        0  xuartlite_l.o(.text)
    Xil_In32                                 0x00001e8f   Thumb Code     4  xuartlite_l.o(.text)
    Xil_Out32                                0x00001e93   Thumb Code     4  xuartlite_l.o(.text)
    [Anonymous Symbol]                       0x00001eb4   Section        0  xuartlite_sinit.o(.text)
    __arm_cp.0_0                             0x00001ec4   Number         4  xuartlite_sinit.o(.text)
    __arm_cp.1_1                             0x00001f04   Number         4  xuartlite_sinit.o(.text)
    [Anonymous Symbol]                       0x00001f08   Section        0  xuartlite_stats.o(.text)
    __arm_cp.0_0                             0x00001f68   Number         4  xuartlite_stats.o(.text)
    __arm_cp.0_1                             0x00001f6c   Number         4  xuartlite_stats.o(.text)
    __arm_cp.0_2                             0x00001f70   Number         4  xuartlite_stats.o(.text)
    __arm_cp.1_0                             0x00001fb8   Number         4  xuartlite_stats.o(.text)
    __arm_cp.1_1                             0x00001fbc   Number         4  xuartlite_stats.o(.text)
    __arm_cp.1_2                             0x00001fc0   Number         4  xuartlite_stats.o(.text)
    .text                                    0x00001fc4   Section        0  noretval__2sprintf.o(.text)
    .text                                    0x00001fec   Section        0  __printf.o(.text)
    .text                                    0x00002058   Section        0  _printf_str.o(.text)
    .text                                    0x000020ac   Section        0  _printf_dec.o(.text)
    .text                                    0x00002118   Section        0  _printf_hex_int.o(.text)
    .text                                    0x00002170   Section        0  rt_memclr.o(.text)
    .text                                    0x000021b0   Section        0  heapauxi.o(.text)
    .text                                    0x000021b6   Section        0  _printf_intcommon.o(.text)
    _printf_input_char                       0x00002269   Thumb Code    10  _printf_char_common.o(.text)
    .text                                    0x00002268   Section        0  _printf_char_common.o(.text)
    .text                                    0x00002298   Section        0  _sputc.o(.text)
    .text                                    0x000022a2   Section        0  _printf_char.o(.text)
    .text                                    0x000022d0   Section        0  rtudiv10.o(.text)
    .text                                    0x000022f8   Section        8  libspace.o(.text)
    .text                                    0x00002300   Section       62  sys_stackheap_outer.o(.text)
    .text                                    0x0000233e   Section        0  exit.o(.text)
    .text                                    0x00002350   Section        0  sys_exit.o(.text)
    .text                                    0x0000235c   Section        2  use_no_semi.o(.text)
    uc_hextab                                0x0000235e   Data          20  _printf_hex_int.o(.constdata)
    .constdata                               0x0000235e   Section       40  _printf_hex_int.o(.constdata)
    .text                                    0x0000235e   Section        0  indicate_semi.o(.text)
    lc_hextab                                0x00002372   Data          20  _printf_hex_int.o(.constdata)
    [Anonymous Symbol]                       0x00002388   Section        0  main.o(.rodata.cst32)
    [Anonymous Symbol]                       0x000023a8   Section        0  main.o(.rodata.str1.1)
    [Anonymous Symbol]                       0x000024e3   Section        0  xgpio.o(.rodata.str1.1)
    [Anonymous Symbol]                       0x0000252e   Section        0  xgpio_intr.o(.rodata.str1.1)
    [Anonymous Symbol]                       0x0000257e   Section        0  xgpio_sinit.o(.rodata.str1.1)
    [Anonymous Symbol]                       0x000025cf   Section        0  xspi.o(.rodata.str1.1)
    [Anonymous Symbol]                       0x00002618   Section        0  xspi_sinit.o(.rodata.str1.1)
    [Anonymous Symbol]                       0x00002667   Section        0  xuartlite.o(.rodata.str1.1)
    [Anonymous Symbol]                       0x000026ba   Section        0  xuartlite_intr.o(.rodata.str1.1)
    [Anonymous Symbol]                       0x00002712   Section        0  xuartlite_sinit.o(.rodata.str1.1)
    [Anonymous Symbol]                       0x0000276b   Section        0  xuartlite_stats.o(.rodata.str1.1)
    .bss                                     0x200000b8   Section       96  libspace.o(.bss)
    CheckUARTRxBytes.BytesRx                 0x20000118   Data           4  uart.o(.bss.CheckUARTRxBytes.BytesRx)
    [Anonymous Symbol]                       0x20000118   Section        0  uart.o(.bss.CheckUARTRxBytes.BytesRx)
    Gpio_DAPLink                             0x2000011c   Data          16  gpio.o(.bss.Gpio_DAPLink)
    [Anonymous Symbol]                       0x2000011c   Section        0  gpio.o(.bss.Gpio_DAPLink)
    Gpio_Led_DIPSw                           0x2000012c   Data          16  gpio.o(.bss.Gpio_Led_DIPSw)
    [Anonymous Symbol]                       0x2000012c   Section        0  gpio.o(.bss.Gpio_Led_DIPSw)
    Gpio_RGBLed_PB                           0x2000013c   Data          16  gpio.o(.bss.Gpio_RGBLed_PB)
    [Anonymous Symbol]                       0x2000013c   Section        0  gpio.o(.bss.Gpio_RGBLed_PB)
    QSPI_base                                0x2000014c   Data          92  spi.o(.bss.QSPI_base)
    [Anonymous Symbol]                       0x2000014c   Section        0  spi.o(.bss.QSPI_base)
    QSPI_base_rx_buf                         0x200001a8   Data         256  spi.o(.bss.QSPI_base_rx_buf)
    [Anonymous Symbol]                       0x200001a8   Section        0  spi.o(.bss.QSPI_base_rx_buf)
    QSPI_base_tx_buf                         0x200002a8   Data         256  spi.o(.bss.QSPI_base_tx_buf)
    [Anonymous Symbol]                       0x200002a8   Section        0  spi.o(.bss.QSPI_base_tx_buf)
    TotalReceivedCount                       0x200003a8   Data           4  uart.o(.bss.TotalReceivedCount)
    [Anonymous Symbol]                       0x200003a8   Section        0  uart.o(.bss.TotalReceivedCount)
    TotalSentCount                           0x200003ac   Data           4  uart.o(.bss.TotalSentCount)
    [Anonymous Symbol]                       0x200003ac   Section        0  uart.o(.bss.TotalSentCount)
    UART0_instance                           0x200003b0   Data          76  uart.o(.bss.UART0_instance)
    [Anonymous Symbol]                       0x200003b0   Section        0  uart.o(.bss.UART0_instance)
    Xil_AssertCallbackRoutine                0x200004fc   Data           4  xil_assert.o(.bss.Xil_AssertCallbackRoutine)
    [Anonymous Symbol]                       0x200004fc   Section        0  xil_assert.o(.bss.Xil_AssertCallbackRoutine)
    Heap_Mem                                 0x20000508   Data        3072  startup_arty_cm1.o(HEAP)
    HEAP                                     0x20000508   Section     3072  startup_arty_cm1.o(HEAP)
    Stack_Mem                                0x20001108   Data        1024  startup_arty_cm1.o(STACK)
    STACK                                    0x20001108   Section     1024  startup_arty_cm1.o(STACK)
    __initial_sp                             0x20001508   Data           0  startup_arty_cm1.o(STACK)

    Global Symbols

    Symbol Name                              Value     Ov Type        Size  Object(Section)

    BuildAttributes$$THM_ISAv3M$S$PE$A:L22$X:L11$S22$IEEE1$IW$~IW$USESV6$~STKCKD$USESV7$~SHL$OTIME$ROPI$EBA8$UX$STANDARDLIB$REQ8$PRES8$EABIv2 0x00000000   Number         0  anon$$obj.o ABSOLUTE
    __Vectors                                0x00000000   Data           4  startup_arty_cm1.o(RESET)
    __ARM_exceptions_init                     - Undefined Weak Reference
    __alloca_initialize                       - Undefined Weak Reference
    __arm_preinit_                            - Undefined Weak Reference
    __cpp_initialize__aeabi_                  - Undefined Weak Reference
    __cxa_finalize                            - Undefined Weak Reference
    __sigvec_lookup                           - Undefined Weak Reference
    _atexit_init                              - Undefined Weak Reference
    _call_atexit_fns                          - Undefined Weak Reference
    _clock_init                               - Undefined Weak Reference
    _fp_trap_init                             - Undefined Weak Reference
    _fp_trap_shutdown                         - Undefined Weak Reference
    _get_lc_collate                           - Undefined Weak Reference
    _get_lc_monetary                          - Undefined Weak Reference
    _get_lc_numeric                           - Undefined Weak Reference
    _get_lc_time                              - Undefined Weak Reference
    _getenv_init                              - Undefined Weak Reference
    _handle_redirection                       - Undefined Weak Reference
    _init_alloc                               - Undefined Weak Reference
    _init_user_alloc                          - Undefined Weak Reference
    _initio                                   - Undefined Weak Reference
    _printf_mbtowc                            - Undefined Weak Reference
    _printf_post_padding                      - Undefined Weak Reference
    _printf_pre_padding                       - Undefined Weak Reference
    _printf_truncate_signed                   - Undefined Weak Reference
    _printf_truncate_unsigned                 - Undefined Weak Reference
    _rand_init                                - Undefined Weak Reference
    _signal_finish                            - Undefined Weak Reference
    _signal_init                              - Undefined Weak Reference
    _terminate_alloc                          - Undefined Weak Reference
    _terminate_user_alloc                     - Undefined Weak Reference
    _terminateio                              - Undefined Weak Reference
    __Vectors_End                            0x000000c0   Data           0  startup_arty_cm1.o(RESET)
    __Vectors_Size                           0x000000c0   Number         0  startup_arty_cm1.o ABSOLUTE
    __main                                   0x000000c1   Thumb Code     8  __main.o(!!!main)
    __scatterload                            0x000000c9   Thumb Code     0  __scatter.o(!!!scatter)
    __scatterload_rt2                        0x000000c9   Thumb Code    52  __scatter.o(!!!scatter)
    __scatterload_rt2_thumb_only             0x000000c9   Thumb Code     0  __scatter.o(!!!scatter)
    __scatterload_null                       0x000000d9   Thumb Code     0  __scatter.o(!!!scatter)
    __scatterload_copy                       0x00000105   Thumb Code    26  __scatter_copy.o(!!handler_copy)
    __scatterload_zeroinit                   0x00000121   Thumb Code    28  __scatter_zi.o(!!handler_zi)
    _printf_percent                          0x0000013d   Thumb Code     0  _printf_percent.o(.ARM.Collect$$_printf_percent$$00000000)
    _printf_i                                0x0000013f   Thumb Code     0  _printf_i.o(.ARM.Collect$$_printf_percent$$00000008)
    _printf_x                                0x00000149   Thumb Code     0  _printf_x.o(.ARM.Collect$$_printf_percent$$0000000C)
    _printf_s                                0x00000153   Thumb Code     0  _printf_s.o(.ARM.Collect$$_printf_percent$$00000014)
    _printf_percent_end                      0x0000015d   Thumb Code     0  _printf_percent_end.o(.ARM.Collect$$_printf_percent$$00000017)
    __rt_lib_init                            0x00000161   Thumb Code     0  libinit.o(.ARM.Collect$$libinit$$00000000)
    __rt_lib_init_alloca_1                   0x00000163   Thumb Code     0  libinit2.o(.ARM.Collect$$libinit$$0000002E)
    __rt_lib_init_argv_1                     0x00000163   Thumb Code     0  libinit2.o(.ARM.Collect$$libinit$$0000002C)
    __rt_lib_init_atexit_1                   0x00000163   Thumb Code     0  libinit2.o(.ARM.Collect$$libinit$$0000001B)
    __rt_lib_init_clock_1                    0x00000163   Thumb Code     0  libinit2.o(.ARM.Collect$$libinit$$00000021)
    __rt_lib_init_cpp_1                      0x00000163   Thumb Code     0  libinit2.o(.ARM.Collect$$libinit$$00000032)
    __rt_lib_init_exceptions_1               0x00000163   Thumb Code     0  libinit2.o(.ARM.Collect$$libinit$$00000030)
    __rt_lib_init_fp_1                       0x00000163   Thumb Code     0  libinit2.o(.ARM.Collect$$libinit$$00000002)
    __rt_lib_init_fp_trap_1                  0x00000163   Thumb Code     0  libinit2.o(.ARM.Collect$$libinit$$0000001F)
    __rt_lib_init_getenv_1                   0x00000163   Thumb Code     0  libinit2.o(.ARM.Collect$$libinit$$00000023)
    __rt_lib_init_heap_1                     0x00000163   Thumb Code     0  libinit2.o(.ARM.Collect$$libinit$$0000000A)
    __rt_lib_init_lc_collate_1               0x00000163   Thumb Code     0  libinit2.o(.ARM.Collect$$libinit$$00000011)
    __rt_lib_init_lc_ctype_1                 0x00000163   Thumb Code     0  libinit2.o(.ARM.Collect$$libinit$$00000013)
    __rt_lib_init_lc_monetary_1              0x00000163   Thumb Code     0  libinit2.o(.ARM.Collect$$libinit$$00000015)
    __rt_lib_init_lc_numeric_1               0x00000163   Thumb Code     0  libinit2.o(.ARM.Collect$$libinit$$00000017)
    __rt_lib_init_lc_time_1                  0x00000163   Thumb Code     0  libinit2.o(.ARM.Collect$$libinit$$00000019)
    __rt_lib_init_preinit_1                  0x00000163   Thumb Code     0  libinit2.o(.ARM.Collect$$libinit$$00000004)
    __rt_lib_init_rand_1                     0x00000163   Thumb Code     0  libinit2.o(.ARM.Collect$$libinit$$0000000E)
    __rt_lib_init_return                     0x00000163   Thumb Code     0  libinit2.o(.ARM.Collect$$libinit$$00000033)
    __rt_lib_init_signal_1                   0x00000163   Thumb Code     0  libinit2.o(.ARM.Collect$$libinit$$0000001D)
    __rt_lib_init_stdio_1                    0x00000163   Thumb Code     0  libinit2.o(.ARM.Collect$$libinit$$00000025)
    __rt_lib_init_user_alloc_1               0x00000163   Thumb Code     0  libinit2.o(.ARM.Collect$$libinit$$0000000C)
    __rt_lib_shutdown                        0x00000165   Thumb Code     0  libshutdown.o(.ARM.Collect$$libshutdown$$00000000)
    __rt_lib_shutdown_cpp_1                  0x00000167   Thumb Code     0  libshutdown2.o(.ARM.Collect$$libshutdown$$00000002)
    __rt_lib_shutdown_fp_trap_1              0x00000167   Thumb Code     0  libshutdown2.o(.ARM.Collect$$libshutdown$$00000007)
    __rt_lib_shutdown_heap_1                 0x00000167   Thumb Code     0  libshutdown2.o(.ARM.Collect$$libshutdown$$0000000F)
    __rt_lib_shutdown_return                 0x00000167   Thumb Code     0  libshutdown2.o(.ARM.Collect$$libshutdown$$00000010)
    __rt_lib_shutdown_signal_1               0x00000167   Thumb Code     0  libshutdown2.o(.ARM.Collect$$libshutdown$$0000000A)
    __rt_lib_shutdown_stdio_1                0x00000167   Thumb Code     0  libshutdown2.o(.ARM.Collect$$libshutdown$$00000004)
    __rt_lib_shutdown_user_alloc_1           0x00000167   Thumb Code     0  libshutdown2.o(.ARM.Collect$$libshutdown$$0000000C)
    __rt_entry                               0x00000169   Thumb Code     0  __rtentry.o(.ARM.Collect$$rtentry$$00000000)
    __rt_entry_presh_1                       0x00000169   Thumb Code     0  __rtentry2.o(.ARM.Collect$$rtentry$$00000002)
    __rt_entry_sh                            0x00000169   Thumb Code     0  __rtentry4.o(.ARM.Collect$$rtentry$$00000004)
    __rt_entry_li                            0x0000016f   Thumb Code     0  __rtentry2.o(.ARM.Collect$$rtentry$$0000000A)
    __rt_entry_postsh_1                      0x0000016f   Thumb Code     0  __rtentry2.o(.ARM.Collect$$rtentry$$00000009)
    __rt_entry_main                          0x00000173   Thumb Code     0  __rtentry2.o(.ARM.Collect$$rtentry$$0000000D)
    __rt_entry_postli_1                      0x00000173   Thumb Code     0  __rtentry2.o(.ARM.Collect$$rtentry$$0000000C)
    __rt_exit                                0x0000017b   Thumb Code     0  rtexit.o(.ARM.Collect$$rtexit$$00000000)
    __rt_exit_ls                             0x0000017d   Thumb Code     0  rtexit2.o(.ARM.Collect$$rtexit$$00000003)
    __rt_exit_prels_1                        0x0000017d   Thumb Code     0  rtexit2.o(.ARM.Collect$$rtexit$$00000002)
    __rt_exit_exit                           0x00000181   Thumb Code     0  rtexit2.o(.ARM.Collect$$rtexit$$00000004)
    Reset_Handler                            0x00000189   Thumb Code     8  startup_arty_cm1.o(.text)
    NMI_Handler                              0x00000191   Thumb Code     2  startup_arty_cm1.o(.text)
    HardFault_Handler                        0x00000193   Thumb Code     2  startup_arty_cm1.o(.text)
    SVC_Handler                              0x00000195   Thumb Code     2  startup_arty_cm1.o(.text)
    PendSV_Handler                           0x00000197   Thumb Code     2  startup_arty_cm1.o(.text)
    SysTick_Handler                          0x00000199   Thumb Code     2  startup_arty_cm1.o(.text)
    Unused_IRQ10                             0x0000019b   Thumb Code     0  startup_arty_cm1.o(.text)
    Unused_IRQ11                             0x0000019b   Thumb Code     0  startup_arty_cm1.o(.text)
    Unused_IRQ12                             0x0000019b   Thumb Code     0  startup_arty_cm1.o(.text)
    Unused_IRQ13                             0x0000019b   Thumb Code     0  startup_arty_cm1.o(.text)
    Unused_IRQ14                             0x0000019b   Thumb Code     0  startup_arty_cm1.o(.text)
    Unused_IRQ15                             0x0000019b   Thumb Code     0  startup_arty_cm1.o(.text)
    Unused_IRQ16                             0x0000019b   Thumb Code     0  startup_arty_cm1.o(.text)
    Unused_IRQ17                             0x0000019b   Thumb Code     0  startup_arty_cm1.o(.text)
    Unused_IRQ18                             0x0000019b   Thumb Code     0  startup_arty_cm1.o(.text)
    Unused_IRQ19                             0x0000019b   Thumb Code     0  startup_arty_cm1.o(.text)
    Unused_IRQ20                             0x0000019b   Thumb Code     0  startup_arty_cm1.o(.text)
    Unused_IRQ21                             0x0000019b   Thumb Code     0  startup_arty_cm1.o(.text)
    Unused_IRQ22                             0x0000019b   Thumb Code     0  startup_arty_cm1.o(.text)
    Unused_IRQ23                             0x0000019b   Thumb Code     0  startup_arty_cm1.o(.text)
    Unused_IRQ24                             0x0000019b   Thumb Code     0  startup_arty_cm1.o(.text)
    Unused_IRQ25                             0x0000019b   Thumb Code     0  startup_arty_cm1.o(.text)
    Unused_IRQ26                             0x0000019b   Thumb Code     0  startup_arty_cm1.o(.text)
    Unused_IRQ27                             0x0000019b   Thumb Code     0  startup_arty_cm1.o(.text)
    Unused_IRQ28                             0x0000019b   Thumb Code     0  startup_arty_cm1.o(.text)
    Unused_IRQ29                             0x0000019b   Thumb Code     0  startup_arty_cm1.o(.text)
    Unused_IRQ30                             0x0000019b   Thumb Code     0  startup_arty_cm1.o(.text)
    Unused_IRQ31                             0x0000019b   Thumb Code     0  startup_arty_cm1.o(.text)
    Unused_IRQ8                              0x0000019b   Thumb Code     0  startup_arty_cm1.o(.text)
    Unused_IRQ9                              0x0000019b   Thumb Code     0  startup_arty_cm1.o(.text)
    __user_initial_stackheap                 0x0000019d   Thumb Code    10  startup_arty_cm1.o(.text)
    SystemCoreClockUpdate                    0x000001c1   Thumb Code     8  system_arty_cm1.o(.text)
    SystemInit                               0x000001d1   Thumb Code     8  system_arty_cm1.o(.text)
    outbyte                                  0x000001e1   Thumb Code    12  outbyte.o(.text)
    print                                    0x000001f1   Thumb Code    28  print.o(.text)
    Xil_Assert                               0x0000020d   Thumb Code    24  xil_assert.o(.text)
    Xil_AssertSetCallback                    0x0000022d   Thumb Code     8  xil_assert.o(.text)
    XNullHandler                             0x00000239   Thumb Code     2  xil_assert.o(.text)
    main                                     0x0000023d   Thumb Code   356  main.o(.text)
    DAPLinkFittedn                           0x000004b1   Thumb Code    12  main.o(.text)
    InitialiseGPIO                           0x000004c5   Thumb Code   136  gpio.o(.text)
    EnableGPIOInterrupts                     0x0000055d   Thumb Code    40  gpio.o(.text)
    GPIO0_Handler                            0x0000058d   Thumb Code    48  gpio.o(.text)
    GPIO1_Handler                            0x000005d5   Thumb Code   132  gpio.o(.text)
    SetDAPLinkQSPIMode                       0x0000065d   Thumb Code    16  gpio.o(.text)
    IncLeds                                  0x00000671   Thumb Code    32  gpio.o(.text)
    InitialiseSPI                            0x00000695   Thumb Code    56  spi.o(.text)
    DisableSPIInterrupts                     0x000006d5   Thumb Code    16  spi.o(.text)
    InitQSPIBaseFlash                        0x000006e9   Thumb Code    88  spi.o(.text)
    WriteQSPIBaseFlash                       0x00000755   Thumb Code   116  spi.o(.text)
    ReadQSPIBaseFlash                        0x000007d1   Thumb Code   112  spi.o(.text)
    WriteSPIData                             0x0000084d   Thumb Code   196  spi.o(.text)
    QSPI0_Handler                            0x00000931   Thumb Code    10  spi.o(.text)
    DAP_QSPI0_Handler                        0x00000951   Thumb Code    10  spi.o(.text)
    DAP_SPI0_Handler                         0x0000095b   Thumb Code    10  spi.o(.text)
    DAP_QSPI_XIP_Handler                     0x00000965   Thumb Code    10  spi.o(.text)
    InitialiseUART                           0x00000971   Thumb Code    60  uart.o(.text)
    SendHandler                              0x000009bd   Thumb Code     8  uart.o(.text)
    RecvHandler                              0x000009c9   Thumb Code     8  uart.o(.text)
    CheckUARTRxBytes                         0x000009d5   Thumb Code    20  uart.o(.text)
    EnableUARTInterrupts                     0x000009f1   Thumb Code    12  uart.o(.text)
    UART0_Handler                            0x00000a01   Thumb Code    16  uart.o(.text)
    XGpio_CfgInitialize                      0x00000a21   Thumb Code    48  xgpio.o(.text)
    XGpio_SetDataDirection                   0x00000a5d   Thumb Code    92  xgpio.o(.text)
    XGpio_GetDataDirection                   0x00000ac9   Thumb Code    96  xgpio.o(.text)
    XGpio_DiscreteRead                       0x00000b39   Thumb Code    96  xgpio.o(.text)
    XGpio_DiscreteWrite                      0x00000ba5   Thumb Code    92  xgpio.o(.text)
    XGpio_InterruptGlobalEnable              0x00000c05   Thumb Code    84  xgpio_intr.o(.text)
    XGpio_InterruptGlobalDisable             0x00000c69   Thumb Code    80  xgpio_intr.o(.text)
    XGpio_InterruptEnable                    0x00000cc5   Thumb Code    96  xgpio_intr.o(.text)
    XGpio_InterruptDisable                   0x00000d35   Thumb Code    96  xgpio_intr.o(.text)
    XGpio_InterruptClear                     0x00000da1   Thumb Code    96  xgpio_intr.o(.text)
    XGpio_InterruptGetEnabled                0x00000e0d   Thumb Code    96  xgpio_intr.o(.text)
    XGpio_InterruptGetStatus                 0x00000e79   Thumb Code    92  xgpio_intr.o(.text)
    XGpio_LookupConfig                       0x00000edd   Thumb Code    24  xgpio_sinit.o(.text)
    XGpio_Initialize                         0x00000ef9   Thumb Code    60  xgpio_sinit.o(.text)
    XSpi_CfgInitialize                       0x00000f3d   Thumb Code   288  xspi.o(.text)
    XSpi_Reset                               0x00001099   Thumb Code    84  xspi.o(.text)
    XSpi_Start                               0x000010f9   Thumb Code   140  xspi.o(.text)
    XSpi_Stop                                0x00001199   Thumb Code   116  xspi.o(.text)
    XSpi_Abort                               0x00001219   Thumb Code    60  xspi.o(.text)
    XSpi_Transfer                            0x00001259   Thumb Code   700  xspi.o(.text)
    XSpi_SetSlaveSelect                      0x00001531   Thumb Code   124  xspi.o(.text)
    XSpi_GetSlaveSelect                      0x000015bd   Thumb Code    68  xspi.o(.text)
    XSpi_SetStatusHandler                    0x00001611   Thumb Code    72  xspi.o(.text)
    XSpi_InterruptHandler                    0x00001669   Thumb Code   572  xspi.o(.text)
    XSpi_LookupConfig                        0x000018ad   Thumb Code    24  xspi_sinit.o(.text)
    XSpi_Initialize                          0x000018c9   Thumb Code    60  xspi_sinit.o(.text)
    XUartLite_CfgInitialize                  0x00001909   Thumb Code    76  xuartlite.o(.text)
    XUartLite_Send                           0x00001985   Thumb Code   168  xuartlite.o(.text)
    XUartLite_SendBuffer                     0x00001a3d   Thumb Code   108  xuartlite.o(.text)
    XUartLite_Recv                           0x00001aa9   Thumb Code   180  xuartlite.o(.text)
    XUartLite_ReceiveBuffer                  0x00001b69   Thumb Code   140  xuartlite.o(.text)
    XUartLite_ResetFifos                     0x00001bf5   Thumb Code    84  xuartlite.o(.text)
    XUartLite_IsSending                      0x00001c55   Thumb Code    48  xuartlite.o(.text)
    XUartLite_SetRecvHandler                 0x00001c8d   Thumb Code    72  xuartlite_intr.o(.text)
    XUartLite_SetSendHandler                 0x00001ce1   Thumb Code    72  xuartlite_intr.o(.text)
    XUartLite_InterruptHandler               0x00001d35   Thumb Code    68  xuartlite_intr.o(.text)
    XUartLite_DisableInterrupt               0x00001dd1   Thumb Code    68  xuartlite_intr.o(.text)
    XUartLite_EnableInterrupt                0x00001e25   Thumb Code    72  xuartlite_intr.o(.text)
    XUartLite_SendByte                       0x00001e71   Thumb Code    30  xuartlite_l.o(.text)
    XUartLite_RecvByte                       0x00001e97   Thumb Code    28  xuartlite_l.o(.text)
    XUartLite_LookupConfig                   0x00001eb5   Thumb Code    16  xuartlite_sinit.o(.text)
    XUartLite_Initialize                     0x00001ec9   Thumb Code    60  xuartlite_sinit.o(.text)
    XUartLite_GetStats                       0x00001f09   Thumb Code    96  xuartlite_stats.o(.text)
    XUartLite_ClearStats                     0x00001f75   Thumb Code    68  xuartlite_stats.o(.text)
    __2sprintf                               0x00001fc5   Thumb Code    36  noretval__2sprintf.o(.text)
    __printf                                 0x00001fed   Thumb Code   108  __printf.o(.text)
    _printf_str                              0x00002059   Thumb Code    82  _printf_str.o(.text)
    _printf_int_dec                          0x000020ad   Thumb Code    90  _printf_dec.o(.text)
    _printf_int_hex                          0x00002119   Thumb Code    84  _printf_hex_int.o(.text)
    _printf_longlong_hex                     0x00002119   Thumb Code     0  _printf_hex_int.o(.text)
    _memset_w                                0x00002171   Thumb Code    26  rt_memclr.o(.text)
    _memset                                  0x0000218b   Thumb Code    30  rt_memclr.o(.text)
    __aeabi_memclr                           0x000021a9   Thumb Code     4  rt_memclr.o(.text)
    __rt_memclr                              0x000021a9   Thumb Code     0  rt_memclr.o(.text)
    __aeabi_memclr4                          0x000021ad   Thumb Code     0  rt_memclr.o(.text)
    __aeabi_memclr8                          0x000021ad   Thumb Code     0  rt_memclr.o(.text)
    __rt_memclr_w                            0x000021ad   Thumb Code     4  rt_memclr.o(.text)
    __use_two_region_memory                  0x000021b1   Thumb Code     2  heapauxi.o(.text)
    __rt_heap_escrow$2region                 0x000021b3   Thumb Code     2  heapauxi.o(.text)
    __rt_heap_expand$2region                 0x000021b5   Thumb Code     2  heapauxi.o(.text)
    _printf_int_common                       0x000021b7   Thumb Code   176  _printf_intcommon.o(.text)
    _printf_char_common                      0x00002273   Thumb Code    32  _printf_char_common.o(.text)
    _sputc                                   0x00002299   Thumb Code    10  _sputc.o(.text)
    _printf_cs_common                        0x000022a3   Thumb Code    22  _printf_char.o(.text)
    _printf_char                             0x000022b9   Thumb Code    16  _printf_char.o(.text)
    _printf_string                           0x000022c9   Thumb Code     8  _printf_char.o(.text)
    __rt_udiv10                              0x000022d1   Thumb Code    40  rtudiv10.o(.text)
    __user_libspace                          0x000022f9   Thumb Code     8  libspace.o(.text)
    __user_perproc_libspace                  0x000022f9   Thumb Code     0  libspace.o(.text)
    __user_perthread_libspace                0x000022f9   Thumb Code     0  libspace.o(.text)
    __user_setup_stackheap                   0x00002301   Thumb Code    62  sys_stackheap_outer.o(.text)
    exit                                     0x0000233f   Thumb Code    16  exit.o(.text)
    _sys_exit                                0x00002351   Thumb Code     8  sys_exit.o(.text)
    __I$use$semihosting                      0x0000235d   Thumb Code     0  use_no_semi.o(.text)
    __use_no_semihosting_swi                 0x0000235d   Thumb Code     2  use_no_semi.o(.text)
    __semihosting_library_function           0x0000235f   Thumb Code     0  indicate_semi.o(.text)
    Region$$Table$$Base                      0x000027c4   Number         0  anon$$obj.o(Region$$Table)
    Region$$Table$$Limit                     0x000027e4   Number         0  anon$$obj.o(Region$$Table)
    SystemCoreClock                          0x20000000   Data           4  system_arty_cm1.o(.data.SystemCoreClock)
    XGpio_ConfigTable                        0x20000004   Data          48  xgpio_g.o(.data.XGpio_ConfigTable)
    XSpi_ConfigTable                         0x20000034   Data         112  xspi_g.o(.data.XSpi_ConfigTable)
    XUartLite_ConfigTable                    0x200000a4   Data          16  xuartlite_g.o(.data.XUartLite_ConfigTable)
    Xil_AssertWait                           0x200000b4   Data           4  xil_assert.o(.data.Xil_AssertWait)
    __libspace_start                         0x200000b8   Data          96  libspace.o(.bss)
    __temporary_stack_top$libspace           0x20000118   Data           0  libspace.o(.bss)
    UARTReceiveBuffer                        0x200003fc   Data         256  uart.o(.bss.UARTReceiveBuffer)
    Xil_AssertStatus                         0x20000500   Data           4  xil_assert.o(.bss.Xil_AssertStatus)



==============================================================================

Memory Map of the image

  Image Entry point : 0x00000189

  Load Region LR_IROM1 (Base: 0x00000000, Size: 0x000028a0, Max: 0x00008000, ABSOLUTE)

    Execution Region ER_IROM1 (Exec base: 0x00000000, Load base: 0x00000000, Size: 0x000027e4, Max: 0x00008000, ABSOLUTE)

    Exec Addr    Load Addr    Size         Type   Attr      Idx    E Section Name        Object

    0x00000000   0x00000000   0x000000c0   Data   RO            3    RESET               startup_arty_cm1.o
    0x000000c0   0x000000c0   0x00000008   Code   RO          338  * !!!main             c_p.l(__main.o)
    0x000000c8   0x000000c8   0x0000003c   Code   RO          536    !!!scatter          c_p.l(__scatter.o)
    0x00000104   0x00000104   0x0000001a   Code   RO          538    !!handler_copy      c_p.l(__scatter_copy.o)
    0x0000011e   0x0000011e   0x00000002   PAD
    0x00000120   0x00000120   0x0000001c   Code   RO          540    !!handler_zi        c_p.l(__scatter_zi.o)
    0x0000013c   0x0000013c   0x00000002   Code   RO          323    .ARM.Collect$$_printf_percent$$00000000  c_p.l(_printf_percent.o)
    0x0000013e   0x0000013e   0x0000000a   Code   RO          322    .ARM.Collect$$_printf_percent$$00000008  c_p.l(_printf_i.o)
    0x00000148   0x00000148   0x0000000a   Code   RO          321    .ARM.Collect$$_printf_percent$$0000000C  c_p.l(_printf_x.o)
    0x00000152   0x00000152   0x0000000a   Code   RO          320    .ARM.Collect$$_printf_percent$$00000014  c_p.l(_printf_s.o)
    0x0000015c   0x0000015c   0x00000004   Code   RO          358    .ARM.Collect$$_printf_percent$$00000017  c_p.l(_printf_percent_end.o)
    0x00000160   0x00000160   0x00000002   Code   RO          449    .ARM.Collect$$libinit$$00000000  c_p.l(libinit.o)
    0x00000162   0x00000162   0x00000000   Code   RO          389    .ARM.Collect$$libinit$$00000002  c_p.l(libinit2.o)
    0x00000162   0x00000162   0x00000000   Code   RO          391    .ARM.Collect$$libinit$$00000004  c_p.l(libinit2.o)
    0x00000162   0x00000162   0x00000000   Code   RO          394    .ARM.Collect$$libinit$$0000000A  c_p.l(libinit2.o)
    0x00000162   0x00000162   0x00000000   Code   RO          396    .ARM.Collect$$libinit$$0000000C  c_p.l(libinit2.o)
    0x00000162   0x00000162   0x00000000   Code   RO          398    .ARM.Collect$$libinit$$0000000E  c_p.l(libinit2.o)
    0x00000162   0x00000162   0x00000000   Code   RO          401    .ARM.Collect$$libinit$$00000011  c_p.l(libinit2.o)
    0x00000162   0x00000162   0x00000000   Code   RO          403    .ARM.Collect$$libinit$$00000013  c_p.l(libinit2.o)
    0x00000162   0x00000162   0x00000000   Code   RO          405    .ARM.Collect$$libinit$$00000015  c_p.l(libinit2.o)
    0x00000162   0x00000162   0x00000000   Code   RO          407    .ARM.Collect$$libinit$$00000017  c_p.l(libinit2.o)
    0x00000162   0x00000162   0x00000000   Code   RO          409    .ARM.Collect$$libinit$$00000019  c_p.l(libinit2.o)
    0x00000162   0x00000162   0x00000000   Code   RO          411    .ARM.Collect$$libinit$$0000001B  c_p.l(libinit2.o)
    0x00000162   0x00000162   0x00000000   Code   RO          413    .ARM.Collect$$libinit$$0000001D  c_p.l(libinit2.o)
    0x00000162   0x00000162   0x00000000   Code   RO          415    .ARM.Collect$$libinit$$0000001F  c_p.l(libinit2.o)
    0x00000162   0x00000162   0x00000000   Code   RO          417    .ARM.Collect$$libinit$$00000021  c_p.l(libinit2.o)
    0x00000162   0x00000162   0x00000000   Code   RO          419    .ARM.Collect$$libinit$$00000023  c_p.l(libinit2.o)
    0x00000162   0x00000162   0x00000000   Code   RO          421    .ARM.Collect$$libinit$$00000025  c_p.l(libinit2.o)
    0x00000162   0x00000162   0x00000000   Code   RO          425    .ARM.Collect$$libinit$$0000002C  c_p.l(libinit2.o)
    0x00000162   0x00000162   0x00000000   Code   RO          427    .ARM.Collect$$libinit$$0000002E  c_p.l(libinit2.o)
    0x00000162   0x00000162   0x00000000   Code   RO          429    .ARM.Collect$$libinit$$00000030  c_p.l(libinit2.o)
    0x00000162   0x00000162   0x00000000   Code   RO          431    .ARM.Collect$$libinit$$00000032  c_p.l(libinit2.o)
    0x00000162   0x00000162   0x00000002   Code   RO          432    .ARM.Collect$$libinit$$00000033  c_p.l(libinit2.o)
    0x00000164   0x00000164   0x00000002   Code   RO          503    .ARM.Collect$$libshutdown$$00000000  c_p.l(libshutdown.o)
    0x00000166   0x00000166   0x00000000   Code   RO          519    .ARM.Collect$$libshutdown$$00000002  c_p.l(libshutdown2.o)
    0x00000166   0x00000166   0x00000000   Code   RO          521    .ARM.Collect$$libshutdown$$00000004  c_p.l(libshutdown2.o)
    0x00000166   0x00000166   0x00000000   Code   RO          524    .ARM.Collect$$libshutdown$$00000007  c_p.l(libshutdown2.o)
    0x00000166   0x00000166   0x00000000   Code   RO          527    .ARM.Collect$$libshutdown$$0000000A  c_p.l(libshutdown2.o)
    0x00000166   0x00000166   0x00000000   Code   RO          529    .ARM.Collect$$libshutdown$$0000000C  c_p.l(libshutdown2.o)
    0x00000166   0x00000166   0x00000000   Code   RO          532    .ARM.Collect$$libshutdown$$0000000F  c_p.l(libshutdown2.o)
    0x00000166   0x00000166   0x00000002   Code   RO          533    .ARM.Collect$$libshutdown$$00000010  c_p.l(libshutdown2.o)
    0x00000168   0x00000168   0x00000000   Code   RO          340    .ARM.Collect$$rtentry$$00000000  c_p.l(__rtentry.o)
    0x00000168   0x00000168   0x00000000   Code   RO          368    .ARM.Collect$$rtentry$$00000002  c_p.l(__rtentry2.o)
    0x00000168   0x00000168   0x00000006   Code   RO          380    .ARM.Collect$$rtentry$$00000004  c_p.l(__rtentry4.o)
    0x0000016e   0x0000016e   0x00000000   Code   RO          370    .ARM.Collect$$rtentry$$00000009  c_p.l(__rtentry2.o)
    0x0000016e   0x0000016e   0x00000004   Code   RO          371    .ARM.Collect$$rtentry$$0000000A  c_p.l(__rtentry2.o)
    0x00000172   0x00000172   0x00000000   Code   RO          373    .ARM.Collect$$rtentry$$0000000C  c_p.l(__rtentry2.o)
    0x00000172   0x00000172   0x00000008   Code   RO          374    .ARM.Collect$$rtentry$$0000000D  c_p.l(__rtentry2.o)
    0x0000017a   0x0000017a   0x00000002   Code   RO          453    .ARM.Collect$$rtexit$$00000000  c_p.l(rtexit.o)
    0x0000017c   0x0000017c   0x00000000   Code   RO          474    .ARM.Collect$$rtexit$$00000002  c_p.l(rtexit2.o)
    0x0000017c   0x0000017c   0x00000004   Code   RO          475    .ARM.Collect$$rtexit$$00000003  c_p.l(rtexit2.o)
    0x00000180   0x00000180   0x00000006   Code   RO          476    .ARM.Collect$$rtexit$$00000004  c_p.l(rtexit2.o)
    0x00000186   0x00000186   0x00000002   PAD
    0x00000188   0x00000188   0x00000038   Code   RO            4  * .text               startup_arty_cm1.o
    0x000001c0   0x000001c0   0x00000020   Code   RO           10    .text               system_arty_cm1.o
    0x000001e0   0x000001e0   0x00000010   Code   RO           18    .text               outbyte.o
    0x000001f0   0x000001f0   0x0000001c   Code   RO           26    .text               print.o
    0x0000020c   0x0000020c   0x0000002e   Code   RO           34    .text               xil_assert.o
    0x0000023a   0x0000023a   0x00000002   PAD
    0x0000023c   0x0000023c   0x00000288   Code   RO           53    .text               main.o
    0x000004c4   0x000004c4   0x000001d0   Code   RO           65    .text               gpio.o
    0x00000694   0x00000694   0x000002da   Code   RO           76    .text               spi.o
    0x0000096e   0x0000096e   0x00000002   PAD
    0x00000970   0x00000970   0x000000b0   Code   RO           87    .text               uart.o
    0x00000a20   0x00000a20   0x000001e4   Code   RO          101    .text               xgpio.o
    0x00000c04   0x00000c04   0x000002d8   Code   RO          125    .text               xgpio_intr.o
    0x00000edc   0x00000edc   0x00000060   Code   RO          143    .text               xgpio_sinit.o
    0x00000f3c   0x00000f3c   0x00000970   Code   RO          152    .text               xspi.o
    0x000018ac   0x000018ac   0x0000005c   Code   RO          186    .text               xspi_sinit.o
    0x00001908   0x00001908   0x00000384   Code   RO          204    .text               xuartlite.o
    0x00001c8c   0x00001c8c   0x000001e4   Code   RO          219    .text               xuartlite_intr.o
    0x00001e70   0x00001e70   0x00000042   Code   RO          228    .text               xuartlite_l.o
    0x00001eb2   0x00001eb2   0x00000002   PAD
    0x00001eb4   0x00001eb4   0x00000054   Code   RO          245    .text               xuartlite_sinit.o
    0x00001f08   0x00001f08   0x000000bc   Code   RO          254    .text               xuartlite_stats.o
    0x00001fc4   0x00001fc4   0x00000028   Code   RO          271    .text               c_p.l(noretval__2sprintf.o)
    0x00001fec   0x00001fec   0x0000006c   Code   RO          273    .text               c_p.l(__printf.o)
    0x00002058   0x00002058   0x00000052   Code   RO          275    .text               c_p.l(_printf_str.o)
    0x000020aa   0x000020aa   0x00000002   PAD
    0x000020ac   0x000020ac   0x0000006c   Code   RO          277    .text               c_p.l(_printf_dec.o)
    0x00002118   0x00002118   0x00000058   Code   RO          282    .text               c_p.l(_printf_hex_int.o)
    0x00002170   0x00002170   0x00000040   Code   RO          326    .text               c_p.l(rt_memclr.o)
    0x000021b0   0x000021b0   0x00000006   Code   RO          336    .text               c_p.l(heapauxi.o)
    0x000021b6   0x000021b6   0x000000b0   Code   RO          350    .text               c_p.l(_printf_intcommon.o)
    0x00002266   0x00002266   0x00000002   PAD
    0x00002268   0x00002268   0x00000030   Code   RO          352    .text               c_p.l(_printf_char_common.o)
    0x00002298   0x00002298   0x0000000a   Code   RO          354    .text               c_p.l(_sputc.o)
    0x000022a2   0x000022a2   0x0000002e   Code   RO          356    .text               c_p.l(_printf_char.o)
    0x000022d0   0x000022d0   0x00000028   Code   RO          362    .text               c_p.l(rtudiv10.o)
    0x000022f8   0x000022f8   0x00000008   Code   RO          364    .text               c_p.l(libspace.o)
    0x00002300   0x00002300   0x0000003e   Code   RO          433    .text               c_p.l(sys_stackheap_outer.o)
    0x0000233e   0x0000233e   0x00000010   Code   RO          436    .text               c_p.l(exit.o)
    0x0000234e   0x0000234e   0x00000002   PAD
    0x00002350   0x00002350   0x0000000c   Code   RO          467    .text               c_p.l(sys_exit.o)
    0x0000235c   0x0000235c   0x00000002   Code   RO          494    .text               c_p.l(use_no_semi.o)
    0x0000235e   0x0000235e   0x00000000   Code   RO          496    .text               c_p.l(indicate_semi.o)
    0x0000235e   0x0000235e   0x00000028   Data   RO          283    .constdata          c_p.l(_printf_hex_int.o)
    0x00002386   0x00002386   0x00000002   PAD
    0x00002388   0x00002388   0x00000020   Data   RO           55    .rodata.cst32       main.o
    0x000023a8   0x000023a8   0x0000013b   Data   RO           57    .rodata.str1.1      main.o
    0x000024e3   0x000024e3   0x0000004b   Data   RO          103    .rodata.str1.1      xgpio.o
    0x0000252e   0x0000252e   0x00000050   Data   RO          127    .rodata.str1.1      xgpio_intr.o
    0x0000257e   0x0000257e   0x00000051   Data   RO          145    .rodata.str1.1      xgpio_sinit.o
    0x000025cf   0x000025cf   0x00000049   Data   RO          154    .rodata.str1.1      xspi.o
    0x00002618   0x00002618   0x0000004f   Data   RO          188    .rodata.str1.1      xspi_sinit.o
    0x00002667   0x00002667   0x00000053   Data   RO          206    .rodata.str1.1      xuartlite.o
    0x000026ba   0x000026ba   0x00000058   Data   RO          221    .rodata.str1.1      xuartlite_intr.o
    0x00002712   0x00002712   0x00000059   Data   RO          247    .rodata.str1.1      xuartlite_sinit.o
    0x0000276b   0x0000276b   0x00000059   Data   RO          256    .rodata.str1.1      xuartlite_stats.o
    0x000027c4   0x000027c4   0x00000020   Data   RO          535    Region$$Table       anon$$obj.o


    Execution Region RW_IRAM1 (Exec base: 0x20000000, Load base: 0x000027e8, Size: 0x00001508, Max: 0x00008000, ABSOLUTE)

    Exec Addr    Load Addr    Size         Type   Attr      Idx    E Section Name        Object

    0x20000000   0x000027e8   0x00000004   Data   RW           12    .data.SystemCoreClock  system_arty_cm1.o
    0x20000004   0x000027ec   0x00000030   Data   RW          120    .data.XGpio_ConfigTable  xgpio_g.o
    0x20000034   0x0000281c   0x00000070   Data   RW          162    .data.XSpi_ConfigTable  xspi_g.o
    0x200000a4   0x0000288c   0x00000010   Data   RW          214    .data.XUartLite_ConfigTable  xuartlite_g.o
    0x200000b4   0x0000289c   0x00000004   Data   RW           36    .data.Xil_AssertWait  xil_assert.o
    0x200000b8        -       0x00000060   Zero   RW          365    .bss                c_p.l(libspace.o)
    0x20000118        -       0x00000004   Zero   RW           93    .bss.CheckUARTRxBytes.BytesRx  uart.o
    0x2000011c        -       0x00000010   Zero   RW           69    .bss.Gpio_DAPLink   gpio.o
    0x2000012c        -       0x00000010   Zero   RW           67    .bss.Gpio_Led_DIPSw  gpio.o
    0x2000013c        -       0x00000010   Zero   RW           68    .bss.Gpio_RGBLed_PB  gpio.o
    0x2000014c        -       0x0000005c   Zero   RW           78    .bss.QSPI_base      spi.o
    0x200001a8        -       0x00000100   Zero   RW           80    .bss.QSPI_base_rx_buf  spi.o
    0x200002a8        -       0x00000100   Zero   RW           79    .bss.QSPI_base_tx_buf  spi.o
    0x200003a8        -       0x00000004   Zero   RW           92    .bss.TotalReceivedCount  uart.o
    0x200003ac        -       0x00000004   Zero   RW           91    .bss.TotalSentCount  uart.o
    0x200003b0        -       0x0000004c   Zero   RW           89    .bss.UART0_instance  uart.o
    0x200003fc        -       0x00000100   Zero   RW           90    .bss.UARTReceiveBuffer  uart.o
    0x200004fc        -       0x00000004   Zero   RW           37    .bss.Xil_AssertCallbackRoutine  xil_assert.o
    0x20000500        -       0x00000004   Zero   RW           38    .bss.Xil_AssertStatus  xil_assert.o
    0x20000504   0x000028a0   0x00000004   PAD
    0x20000508        -       0x00000c00   Zero   RW            2    HEAP                startup_arty_cm1.o
    0x20001108        -       0x00000400   Zero   RW            1    STACK               startup_arty_cm1.o


==============================================================================

Image component sizes


      Code (inc. data)   RO Data    RW Data    ZI Data      Debug   Object Name

       464         44          0          0         48       3490   gpio.o
       648        224        347          0          0       3657   main.o
        16          4          0          0          0        597   outbyte.o
        28          0          0          0          0        692   print.o
       730         80          0          0        604       6017   spi.o
        56         26        192          0       4096        748   startup_arty_cm1.o
        32         16          0          4          0        684   system_arty_cm1.o
       176         44          0          0        344       3759   uart.o
       484         52         75          0          0       3582   xgpio.o
         0          0          0         48          0        918   xgpio_g.o
       728         80         80          0          0       3464   xgpio_intr.o
        96         12         81          0          0       1697   xgpio_sinit.o
        46         12          0          4          8       1300   xil_assert.o
      2416        164         73          0          0       8825   xspi.o
         0          0          0        112          0       1188   xspi_g.o
        92          8         79          0          0       2567   xspi_sinit.o
       900         68         83          0          0       5343   xuartlite.o
         0          0          0         16          0       1062   xuartlite_g.o
       484         48         88          0          0       3900   xuartlite_intr.o
        66          0          0          0          0       1456   xuartlite_l.o
        84          8         89          0          0       2356   xuartlite_sinit.o
       188         24         89          0          0       2160   xuartlite_stats.o

    ----------------------------------------------------------------------
      7740        914       1308        184       5104      59462   Object Totals
         0          0         32          0          0          0   (incl. Generated)
         6          0          0          0          4          0   (incl. Padding)

    ----------------------------------------------------------------------

      Code (inc. data)   RO Data    RW Data    ZI Data      Debug   Library Member Name

         8          0          0          0          0         68   __main.o
       108          0          0          0          0         76   __printf.o
         0          0          0          0          0          0   __rtentry.o
        12          0          0          0          0          0   __rtentry2.o
         6          0          0          0          0          0   __rtentry4.o
        60          8          0          0          0          0   __scatter.o
        26          0          0          0          0          0   __scatter_copy.o
        28          0          0          0          0          0   __scatter_zi.o
        46          0          0          0          0        100   _printf_char.o
        48          6          0          0          0         88   _printf_char_common.o
       108         18          0          0          0         76   _printf_dec.o
        88          4         40          0          0         72   _printf_hex_int.o
        10          0          0          0          0          0   _printf_i.o
       176          0          0          0          0         84   _printf_intcommon.o
         2          0          0          0          0          0   _printf_percent.o
         4          0          0          0          0          0   _printf_percent_end.o
        10          0          0          0          0          0   _printf_s.o
        82          0          0          0          0         72   _printf_str.o
        10          0          0          0          0          0   _printf_x.o
        10          0          0          0          0         60   _sputc.o
        16          0          0          0          0         68   exit.o
         6          0          0          0          0        136   heapauxi.o
         0          0          0          0          0          0   indicate_semi.o
         2          0          0          0          0          0   libinit.o
         2          0          0          0          0          0   libinit2.o
         2          0          0          0          0          0   libshutdown.o
         2          0          0          0          0          0   libshutdown2.o
         8          4          0          0         96         68   libspace.o
        40          4          0          0          0         84   noretval__2sprintf.o
        64          0          0          0          0        108   rt_memclr.o
         2          0          0          0          0          0   rtexit.o
        10          0          0          0          0          0   rtexit2.o
        40          0          0          0          0         60   rtudiv10.o
        12          4          0          0          0         60   sys_exit.o
        62          0          0          0          0         80   sys_stackheap_outer.o
         2          0          0          0          0         68   use_no_semi.o

    ----------------------------------------------------------------------
      1122         48         42          0         96       1428   Library Totals
        10          0          2          0          0          0   (incl. Padding)

    ----------------------------------------------------------------------

      Code (inc. data)   RO Data    RW Data    ZI Data      Debug   Library Name

      1112         48         40          0         96       1428   c_p.l

    ----------------------------------------------------------------------
      1122         48         42          0         96       1428   Library Totals

    ----------------------------------------------------------------------

==============================================================================


      Code (inc. data)   RO Data    RW Data    ZI Data      Debug   

      8862        962       1350        184       5200      59974   Grand Totals
      8862        962       1350        184       5200      59974   ELF Image Totals
      8862        962       1350        184          0          0   ROM Totals

==============================================================================

    Total RO  Size (Code + RO Data)                10212 (   9.97kB)
    Total RW  Size (RW Data + ZI Data)              5384 (   5.26kB)
    Total ROM Size (Code + RO Data + RW Data)      10396 (  10.15kB)

==============================================================================

